okeydokey@VR-HP-Pavilion-g6-NB-PC:~$ su
Password: 
root@VR-HP-Pavilion-g6-NB-PC:/home/okeydokey# 
root@VR-HP-Pavilion-g6-NB-PC:/home/okeydokey# sudo apt-get remove docker docker-engine docker.io containerd runc
Reading package lists... Done
Building dependency tree       
Reading state information... Done
Package 'docker-engine' is not installed, so not removed
Package 'docker' is not installed, so not removed
Package 'containerd' is not installed, so not removed
Package 'docker.io' is not installed, so not removed
Package 'runc' is not installed, so not removed
0 upgraded, 0 newly installed, 0 to remove and 36 not upgraded.
root@VR-HP-Pavilion-g6-NB-PC:/home/okeydokey# sudo apt-get update
Hit:1 http://in.archive.ubuntu.com/ubuntu xenial InRelease                     
Hit:2 http://in.archive.ubuntu.com/ubuntu xenial-updates InRelease             
Hit:3 http://in.archive.ubuntu.com/ubuntu xenial-backports InRelease           
Hit:4 http://security.ubuntu.com/ubuntu xenial-security InRelease              
Hit:5 http://repo.sawtooth.me/ubuntu/1.0/stable xenial InRelease               
Reading package lists... Done                      
N: Skipping acquire of configured file 'universe/binary-i386/Packages' as repository 'http://repo.sawtooth.me/ubuntu/1.0/stable xenial InRelease' doesn't support architecture 'i386'
root@VR-HP-Pavilion-g6-NB-PC:/home/okeydokey# sudo apt-get install apt-transport-https ca-certificates curl gnupg-agent software-properties-common
Reading package lists... Done
Building dependency tree       
Reading state information... Done
ca-certificates is already the newest version (20170717~16.04.2).
gnupg-agent is already the newest version (2.1.11-6ubuntu2.1).
software-properties-common is already the newest version (0.96.20.8).
The following NEW packages will be installed:
  curl
The following packages will be upgraded:
  apt-transport-https
1 upgraded, 1 newly installed, 0 to remove and 35 not upgraded.
Need to get 165 kB of archives.
After this operation, 339 kB of additional disk space will be used.
Do you want to continue? [Y/n] y
Get:1 http://in.archive.ubuntu.com/ubuntu xenial-updates/main amd64 apt-transport-https amd64 1.2.31 [26.6 kB]
Get:2 http://in.archive.ubuntu.com/ubuntu xenial-updates/main amd64 curl amd64 7.47.0-1ubuntu2.12 [139 kB]
Fetched 165 kB in 21s (7,632 B/s)
(Reading database ... 214793 files and directories currently installed.)
Preparing to unpack .../apt-transport-https_1.2.31_amd64.deb ...
Unpacking apt-transport-https (1.2.31) over (1.2.29ubuntu0.1) ...
Selecting previously unselected package curl.
Preparing to unpack .../curl_7.47.0-1ubuntu2.12_amd64.deb ...
Unpacking curl (7.47.0-1ubuntu2.12) ...
Processing triggers for man-db (2.7.5-1) ...
Setting up apt-transport-https (1.2.31) ...
Setting up curl (7.47.0-1ubuntu2.12) ...
root@VR-HP-Pavilion-g6-NB-PC:/home/okeydokey# curl -fsSL https://download.docker.com/linux/ubuntu/gpg | sudo apt-key add
OK
root@VR-HP-Pavilion-g6-NB-PC:/home/okeydokey# sudo apt-key fingerprint 0EBFCD88
pub   4096R/0EBFCD88 2017-02-22
      Key fingerprint = 9DC8 5822 9FC7 DD38 854A  E2D8 8D81 803C 0EBF CD88
uid                  Docker Release (CE deb) <docker@docker.com>
sub   4096R/F273FCD8 2017-02-22

root@VR-HP-Pavilion-g6-NB-PC:/home/okeydokey# sudo add-apt-repository \
>    "deb [arch=amd64] https://download.docker.com/linux/ubuntu \
>    $(lsb_release -cs) \
>    stable"
root@VR-HP-Pavilion-g6-NB-PC:/home/okeydokey# sudo apt-get update
Get:1 https://download.docker.com/linux/ubuntu xenial InRelease [66.2 kB]
Get:2 https://download.docker.com/linux/ubuntu xenial/stable amd64 Packages [8,207 B]
Hit:3 http://security.ubuntu.com/ubuntu xenial-security InRelease              
Hit:4 http://repo.sawtooth.me/ubuntu/1.0/stable xenial InRelease               
Hit:5 http://in.archive.ubuntu.com/ubuntu xenial InRelease         
Hit:6 http://in.archive.ubuntu.com/ubuntu xenial-updates InRelease
Hit:7 http://in.archive.ubuntu.com/ubuntu xenial-backports InRelease
Fetched 74.4 kB in 25s (2,864 B/s)
Reading package lists... Done
N: Skipping acquire of configured file 'universe/binary-i386/Packages' as repository 'http://repo.sawtooth.me/ubuntu/1.0/stable xenial InRelease' doesn't support architecture 'i386'
root@VR-HP-Pavilion-g6-NB-PC:/home/okeydokey# sudo apt-get install docker-ce docker-ce-cli containerd.io
Reading package lists... Done
Building dependency tree       
Reading state information... Done
The following additional packages will be installed:
  aufs-tools cgroupfs-mount git git-man liberror-perl pigz
Suggested packages:
  git-daemon-run | git-daemon-sysvinit git-doc git-el git-email git-gui gitk
  gitweb git-arch git-cvs git-mediawiki git-svn
The following NEW packages will be installed:
  aufs-tools cgroupfs-mount containerd.io docker-ce docker-ce-cli git git-man
  liberror-perl pigz
0 upgraded, 9 newly installed, 0 to remove and 35 not upgraded.
Need to get 54.4 MB of archives.
After this operation, 268 MB of additional disk space will be used.
Do you want to continue? [Y/n] y
Get:1 https://download.docker.com/linux/ubuntu xenial/stable amd64 containerd.io amd64 1.2.5-1 [19.9 MB]
Get:2 http://in.archive.ubuntu.com/ubuntu xenial/universe amd64 pigz amd64 2.3.1-2 [61.1 kB]
Get:3 http://in.archive.ubuntu.com/ubuntu xenial/universe amd64 aufs-tools amd64 1:3.2+20130722-1.1ubuntu1 [92.9 kB]
Get:4 http://in.archive.ubuntu.com/ubuntu xenial/universe amd64 cgroupfs-mount all 1.2 [4,970 B]
Get:5 http://in.archive.ubuntu.com/ubuntu xenial/main amd64 liberror-perl all 0.17-1.2 [19.6 kB]
Get:6 http://in.archive.ubuntu.com/ubuntu xenial-updates/main amd64 git-man all 1:2.7.4-0ubuntu1.6 [736 kB]
Get:7 http://in.archive.ubuntu.com/ubuntu xenial-updates/main amd64 git amd64 1:2.7.4-0ubuntu1.6 [3,176 kB]
Get:8 https://download.docker.com/linux/ubuntu xenial/stable amd64 docker-ce-cli amd64 5:18.09.5~3-0~ubuntu-xenial [13.0 MB]
Get:9 https://download.docker.com/linux/ubuntu xenial/stable amd64 docker-ce amd64 5:18.09.5~3-0~ubuntu-xenial [17.3 MB]
Fetched 54.4 MB in 1min 6s (815 kB/s)                                          
Selecting previously unselected package pigz.
(Reading database ... 214800 files and directories currently installed.)
Preparing to unpack .../pigz_2.3.1-2_amd64.deb ...
Unpacking pigz (2.3.1-2) ...
Selecting previously unselected package aufs-tools.
Preparing to unpack .../aufs-tools_1%3a3.2+20130722-1.1ubuntu1_amd64.deb ...
Unpacking aufs-tools (1:3.2+20130722-1.1ubuntu1) ...
Selecting previously unselected package cgroupfs-mount.
Preparing to unpack .../cgroupfs-mount_1.2_all.deb ...
Unpacking cgroupfs-mount (1.2) ...
Selecting previously unselected package containerd.io.
Preparing to unpack .../containerd.io_1.2.5-1_amd64.deb ...
Unpacking containerd.io (1.2.5-1) ...
Selecting previously unselected package docker-ce-cli.
Preparing to unpack .../docker-ce-cli_5%3a18.09.5~3-0~ubuntu-xenial_amd64.deb ...
Unpacking docker-ce-cli (5:18.09.5~3-0~ubuntu-xenial) ...
Selecting previously unselected package docker-ce.
Preparing to unpack .../docker-ce_5%3a18.09.5~3-0~ubuntu-xenial_amd64.deb ...
Unpacking docker-ce (5:18.09.5~3-0~ubuntu-xenial) ...
Selecting previously unselected package liberror-perl.
Preparing to unpack .../liberror-perl_0.17-1.2_all.deb ...
Unpacking liberror-perl (0.17-1.2) ...
Selecting previously unselected package git-man.
Preparing to unpack .../git-man_1%3a2.7.4-0ubuntu1.6_all.deb ...
Unpacking git-man (1:2.7.4-0ubuntu1.6) ...
Selecting previously unselected package git.
Preparing to unpack .../git_1%3a2.7.4-0ubuntu1.6_amd64.deb ...
Unpacking git (1:2.7.4-0ubuntu1.6) ...
Processing triggers for man-db (2.7.5-1) ...
Processing triggers for libc-bin (2.23-0ubuntu11) ...
Processing triggers for ureadahead (0.100.0-19) ...
ureadahead will be reprofiled on next reboot
Processing triggers for systemd (229-4ubuntu21.21) ...
Setting up pigz (2.3.1-2) ...
Setting up aufs-tools (1:3.2+20130722-1.1ubuntu1) ...
Setting up cgroupfs-mount (1.2) ...
Setting up containerd.io (1.2.5-1) ...
Setting up docker-ce-cli (5:18.09.5~3-0~ubuntu-xenial) ...
Setting up docker-ce (5:18.09.5~3-0~ubuntu-xenial) ...
update-alternatives: using /usr/bin/dockerd-ce to provide /usr/bin/dockerd (dockerd) in auto mode
Setting up liberror-perl (0.17-1.2) ...
Setting up git-man (1:2.7.4-0ubuntu1.6) ...
Setting up git (1:2.7.4-0ubuntu1.6) ...
Processing triggers for libc-bin (2.23-0ubuntu11) ...
Processing triggers for systemd (229-4ubuntu21.21) ...
Processing triggers for ureadahead (0.100.0-19) ...
root@VR-HP-Pavilion-g6-NB-PC:/home/okeydokey# 
root@VR-HP-Pavilion-g6-NB-PC:/home/okeydokey# apt-cache madison docker-ce
 docker-ce | 5:18.09.5~3-0~ubuntu-xenial | https://download.docker.com/linux/ubuntu xenial/stable amd64 Packages
 docker-ce | 5:18.09.4~3-0~ubuntu-xenial | https://download.docker.com/linux/ubuntu xenial/stable amd64 Packages
 docker-ce | 5:18.09.3~3-0~ubuntu-xenial | https://download.docker.com/linux/ubuntu xenial/stable amd64 Packages
 docker-ce | 5:18.09.2~3-0~ubuntu-xenial | https://download.docker.com/linux/ubuntu xenial/stable amd64 Packages
 docker-ce | 5:18.09.1~3-0~ubuntu-xenial | https://download.docker.com/linux/ubuntu xenial/stable amd64 Packages
 docker-ce | 5:18.09.0~3-0~ubuntu-xenial | https://download.docker.com/linux/ubuntu xenial/stable amd64 Packages
 docker-ce | 18.06.3~ce~3-0~ubuntu | https://download.docker.com/linux/ubuntu xenial/stable amd64 Packages
 docker-ce | 18.06.2~ce~3-0~ubuntu | https://download.docker.com/linux/ubuntu xenial/stable amd64 Packages
 docker-ce | 18.06.1~ce~3-0~ubuntu | https://download.docker.com/linux/ubuntu xenial/stable amd64 Packages
 docker-ce | 18.06.0~ce~3-0~ubuntu | https://download.docker.com/linux/ubuntu xenial/stable amd64 Packages
 docker-ce | 18.03.1~ce-0~ubuntu | https://download.docker.com/linux/ubuntu xenial/stable amd64 Packages
 docker-ce | 18.03.0~ce-0~ubuntu | https://download.docker.com/linux/ubuntu xenial/stable amd64 Packages
 docker-ce | 17.12.1~ce-0~ubuntu | https://download.docker.com/linux/ubuntu xenial/stable amd64 Packages
 docker-ce | 17.12.0~ce-0~ubuntu | https://download.docker.com/linux/ubuntu xenial/stable amd64 Packages
 docker-ce | 17.09.1~ce-0~ubuntu | https://download.docker.com/linux/ubuntu xenial/stable amd64 Packages
 docker-ce | 17.09.0~ce-0~ubuntu | https://download.docker.com/linux/ubuntu xenial/stable amd64 Packages
 docker-ce | 17.06.2~ce-0~ubuntu | https://download.docker.com/linux/ubuntu xenial/stable amd64 Packages
 docker-ce | 17.06.1~ce-0~ubuntu | https://download.docker.com/linux/ubuntu xenial/stable amd64 Packages
 docker-ce | 17.06.0~ce-0~ubuntu | https://download.docker.com/linux/ubuntu xenial/stable amd64 Packages
 docker-ce | 17.03.3~ce-0~ubuntu-xenial | https://download.docker.com/linux/ubuntu xenial/stable amd64 Packages
 docker-ce | 17.03.2~ce-0~ubuntu-xenial | https://download.docker.com/linux/ubuntu xenial/stable amd64 Packages
 docker-ce | 17.03.1~ce-0~ubuntu-xenial | https://download.docker.com/linux/ubuntu xenial/stable amd64 Packages
 docker-ce | 17.03.0~ce-0~ubuntu-xenial | https://download.docker.com/linux/ubuntu xenial/stable amd64 Packages
root@VR-HP-Pavilion-g6-NB-PC:/home/okeydokey# ^C
root@VR-HP-Pavilion-g6-NB-PC:/home/okeydokey# sudo apt-get install docker-ce=18.06.3~ce~3-0~ubuntu docker-ce-cli=18.06.3~ce~3-0~ubuntu containerd.io
Reading package lists... Done
Building dependency tree       
Reading state information... Done
E: Version '18.06.3~ce~3-0~ubuntu' for 'docker-ce-cli' was not found
root@VR-HP-Pavilion-g6-NB-PC:/home/okeydokey# sudo docker run hello-world
Unable to find image 'hello-world:latest' locally
latest: Pulling from library/hello-world
1b930d010525: Pull complete 
Digest: sha256:92695bc579f31df7a63da6922075d0666e565ceccad16b59c3374d2cf4e8e50e
Status: Downloaded newer image for hello-world:latest

Hello from Docker!
This message shows that your installation appears to be working correctly.

To generate this message, Docker took the following steps:
 1. The Docker client contacted the Docker daemon.
 2. The Docker daemon pulled the "hello-world" image from the Docker Hub.
    (amd64)
 3. The Docker daemon created a new container from that image which runs the
    executable that produces the output you are currently reading.
 4. The Docker daemon streamed that output to the Docker client, which sent it
    to your terminal.

To try something more ambitious, you can run an Ubuntu container with:
 $ docker run -it ubuntu bash

Share images, automate workflows, and more with a free Docker ID:
 https://hub.docker.com/

For more examples and ideas, visit:
 https://docs.docker.com/get-started/

root@VR-HP-Pavilion-g6-NB-PC:/home/okeydokey# docker run -it ubuntu bash
Unable to find image 'ubuntu:latest' locally
latest: Pulling from library/ubuntu
f476d66f5408: Pull complete 
8882c27f669e: Pull complete 
d9af21273955: Pull complete 
f5029279ec12: Pull complete 
Digest: sha256:d26d529daa4d8567167181d9d569f2a85da3c5ecaf539cace2c6223355d69981
Status: Downloaded newer image for ubuntu:latest
root@29bad3fac935:/# ls
bin   dev  home  lib64  mnt  proc  run   srv  tmp  var
boot  etc  lib   media  opt  root  sbin  sys  usr
root@29bad3fac935:/# pwd
/
root@29bad3fac935:/# who
root@29bad3fac935:/# who
root@29bad3fac935:/# ls -al
total 72
drwxr-xr-x   1 root root 4096 Apr 29 08:52 .
drwxr-xr-x   1 root root 4096 Apr 29 08:52 ..
-rwxr-xr-x   1 root root    0 Apr 29 08:52 .dockerenv
drwxr-xr-x   2 root root 4096 Apr 24 21:07 bin
drwxr-xr-x   2 root root 4096 Apr 24  2018 boot
drwxr-xr-x   5 root root  360 Apr 29 08:52 dev
drwxr-xr-x   1 root root 4096 Apr 29 08:52 etc
drwxr-xr-x   2 root root 4096 Apr 24  2018 home
drwxr-xr-x   8 root root 4096 May 23  2017 lib
drwxr-xr-x   2 root root 4096 Apr 24 21:07 lib64
drwxr-xr-x   2 root root 4096 Apr 24 21:07 media
drwxr-xr-x   2 root root 4096 Apr 24 21:07 mnt
drwxr-xr-x   2 root root 4096 Apr 24 21:07 opt
dr-xr-xr-x 219 root root    0 Apr 29 08:52 proc
drwx------   2 root root 4096 Apr 24 21:07 root
drwxr-xr-x   1 root root 4096 Apr 26 22:21 run
drwxr-xr-x   1 root root 4096 Apr 26 22:21 sbin
drwxr-xr-x   2 root root 4096 Apr 24 21:07 srv
dr-xr-xr-x  13 root root    0 Apr 29 08:52 sys
drwxrwxrwt   2 root root 4096 Apr 24 21:07 tmp
drwxr-xr-x   1 root root 4096 Apr 24 21:07 usr
drwxr-xr-x   1 root root 4096 Apr 24 21:07 var
root@29bad3fac935:/# 
root@29bad3fac935:/# 
root@29bad3fac935:/# who -a
root@29bad3fac935:/# 
root@29bad3fac935:/# 
root@29bad3fac935:/# pwd /
/
root@29bad3fac935:/# pwd
/
root@29bad3fac935:/# 
root@29bad3fac935:/# 
root@29bad3fac935:/# ls
bin   dev  home  lib64  mnt  proc  run   srv  tmp  var
boot  etc  lib   media  opt  root  sbin  sys  usr
root@29bad3fac935:/# ls -al home
total 8
drwxr-xr-x 2 root root 4096 Apr 24  2018 .
drwxr-xr-x 1 root root 4096 Apr 29 08:52 ..
root@29bad3fac935:/# 
root@29bad3fac935:/# 
root@29bad3fac935:/# 
root@29bad3fac935:/# 
root@29bad3fac935:/# #ok
root@29bad3fac935:/# 
root@29bad3fac935:/# uname -a
Linux 29bad3fac935 4.15.0-47-generic #50~16.04.1-Ubuntu SMP Fri Mar 15 16:06:21 UTC 2019 x86_64 x86_64 x86_64 GNU/Linux
root@29bad3fac935:/# exit
exit
root@VR-HP-Pavilion-g6-NB-PC:/home/okeydokey# uname -a
Linux VR-HP-Pavilion-g6-NB-PC 4.15.0-47-generic #50~16.04.1-Ubuntu SMP Fri Mar 15 16:06:21 UTC 2019 x86_64 x86_64 x86_64 GNU/Linux
root@VR-HP-Pavilion-g6-NB-PC:/home/okeydokey# docker run -it ubuntu bash
root@5948d0f14314:/# ls -al
total 72
drwxr-xr-x   1 root root 4096 Apr 29 08:53 .
drwxr-xr-x   1 root root 4096 Apr 29 08:53 ..
-rwxr-xr-x   1 root root    0 Apr 29 08:53 .dockerenv
drwxr-xr-x   2 root root 4096 Apr 24 21:07 bin
drwxr-xr-x   2 root root 4096 Apr 24  2018 boot
drwxr-xr-x   5 root root  360 Apr 29 08:53 dev
drwxr-xr-x   1 root root 4096 Apr 29 08:53 etc
drwxr-xr-x   2 root root 4096 Apr 24  2018 home
drwxr-xr-x   8 root root 4096 May 23  2017 lib
drwxr-xr-x   2 root root 4096 Apr 24 21:07 lib64
drwxr-xr-x   2 root root 4096 Apr 24 21:07 media
drwxr-xr-x   2 root root 4096 Apr 24 21:07 mnt
drwxr-xr-x   2 root root 4096 Apr 24 21:07 opt
dr-xr-xr-x 220 root root    0 Apr 29 08:53 proc
drwx------   2 root root 4096 Apr 24 21:07 root
drwxr-xr-x   1 root root 4096 Apr 26 22:21 run
drwxr-xr-x   1 root root 4096 Apr 26 22:21 sbin
drwxr-xr-x   2 root root 4096 Apr 24 21:07 srv
dr-xr-xr-x  13 root root    0 Apr 29 08:52 sys
drwxrwxrwt   2 root root 4096 Apr 24 21:07 tmp
drwxr-xr-x   1 root root 4096 Apr 24 21:07 usr
drwxr-xr-x   1 root root 4096 Apr 24 21:07 var
root@5948d0f14314:/# exit
exit
root@VR-HP-Pavilion-g6-NB-PC:/home/okeydokey# 
root@VR-HP-Pavilion-g6-NB-PC:/home/okeydokey# 
root@VR-HP-Pavilion-g6-NB-PC:/home/okeydokey# 
root@VR-HP-Pavilion-g6-NB-PC:/home/okeydokey# 
root@VR-HP-Pavilion-g6-NB-PC:/home/okeydokey# 
root@VR-HP-Pavilion-g6-NB-PC:/home/okeydokey# git
usage: git [--version] [--help] [-C <path>] [-c name=value]
           [--exec-path[=<path>]] [--html-path] [--man-path] [--info-path]
           [-p | --paginate | --no-pager] [--no-replace-objects] [--bare]
           [--git-dir=<path>] [--work-tree=<path>] [--namespace=<name>]
           <command> [<args>]

These are common Git commands used in various situations:

start a working area (see also: git help tutorial)
   clone      Clone a repository into a new directory
   init       Create an empty Git repository or reinitialize an existing one

work on the current change (see also: git help everyday)
   add        Add file contents to the index
   mv         Move or rename a file, a directory, or a symlink
   reset      Reset current HEAD to the specified state
   rm         Remove files from the working tree and from the index

examine the history and state (see also: git help revisions)
   bisect     Use binary search to find the commit that introduced a bug
   grep       Print lines matching a pattern
   log        Show commit logs
   show       Show various types of objects
   status     Show the working tree status

grow, mark and tweak your common history
   branch     List, create, or delete branches
   checkout   Switch branches or restore working tree files
   commit     Record changes to the repository
   diff       Show changes between commits, commit and working tree, etc
   merge      Join two or more development histories together
   rebase     Forward-port local commits to the updated upstream head
   tag        Create, list, delete or verify a tag object signed with GPG

collaborate (see also: git help workflows)
   fetch      Download objects and refs from another repository
   pull       Fetch from and integrate with another repository or a local branch
   push       Update remote refs along with associated objects

'git help -a' and 'git help -g' list available subcommands and some
concept guides. See 'git help <command>' or 'git help <concept>'
to read about a specific subcommand or concept.
root@VR-HP-Pavilion-g6-NB-PC:/home/okeydokey# help git
bash: help: no help topics match `git'.  Try `help help' or `man -k git' or `info git'.
root@VR-HP-Pavilion-g6-NB-PC:/home/okeydokey# git clone https://github.com/hyperledger/sawtooth-supply-chain.git
Cloning into 'sawtooth-supply-chain'...
remote: Enumerating objects: 78, done.
remote: Counting objects: 100% (78/78), done.
remote: Compressing objects: 100% (41/41), done.
remote: Total 38387 (delta 34), reused 71 (delta 33), pack-reused 38309
Receiving objects: 100% (38387/38387), 16.12 MiB | 496.00 KiB/s, done.
Resolving deltas: 100% (25568/25568), done.
Checking connectivity... done.
root@VR-HP-Pavilion-g6-NB-PC:/home/okeydokey# pwd
/home/okeydokey
root@VR-HP-Pavilion-g6-NB-PC:/home/okeydokey# ls -al
total 132
drwxr-xr-x 19 okeydokey rvenkat 4096 Apr 29 14:29 .
drwxr-xr-x  4 root    root    4096 Apr 24 19:03 ..
-rw-------  1 okeydokey rvenkat  623 Apr 25 14:11 .bash_history
-rw-r--r--  1 okeydokey rvenkat  220 Apr 24 13:51 .bash_logout
-rw-r--r--  1 okeydokey rvenkat 3771 Apr 24 13:51 .bashrc
drwx------ 13 okeydokey rvenkat 4096 Apr 24 18:45 .cache
-rwxrwxrwx  1 okeydokey rvenkat  236 Apr 24 19:02 commands
drwx------  3 okeydokey rvenkat 4096 Apr 24 14:11 .compiz
drwx------ 14 okeydokey rvenkat 4096 Apr 24 14:10 .config
-rw-rw-r--  1 okeydokey rvenkat 1330 Apr 24 19:10 config-genesis.batch
drwxr-xr-x  2 okeydokey rvenkat 4096 Apr 24 14:09 Desktop
-rw-r--r--  1 okeydokey rvenkat   25 Apr 24 14:09 .dmrc
drwxr-xr-x  2 okeydokey rvenkat 4096 Apr 24 14:09 Documents
drwxr-xr-x  2 okeydokey rvenkat 4096 Apr 24 14:09 Downloads
-rw-r--r--  1 okeydokey rvenkat 8980 Apr 24 13:51 examples.desktop
drwx------  2 okeydokey rvenkat 4096 Apr 24 18:44 .gconf
drwx------  3 okeydokey rvenkat 4096 Apr 29  2019 .gnupg
-rw-------  1 okeydokey rvenkat 1544 Apr 29 13:56 .ICEauthority
drwx------  3 okeydokey rvenkat 4096 Apr 24 14:09 .local
drwx------  5 okeydokey rvenkat 4096 Apr 24 14:10 .mozilla
drwxr-xr-x  2 okeydokey rvenkat 4096 Apr 24 14:09 Music
drwxr-xr-x  2 okeydokey rvenkat 4096 Apr 24 14:09 Pictures
-rw-r--r--  1 okeydokey rvenkat  655 Apr 24 13:51 .profile
drwxr-xr-x  2 okeydokey rvenkat 4096 Apr 24 14:09 Public
drwxr-xr-x  3 okeydokey rvenkat 4096 Apr 24 19:10 .sawtooth
drwxr-xr-x 16 root    root    4096 Apr 29 14:29 sawtooth-supply-chain
-rw-r--r--  1 okeydokey rvenkat    0 Apr 24 18:46 .sudo_as_admin_successful
drwxr-xr-x  2 okeydokey rvenkat 4096 Apr 24 14:09 Templates
drwxr-xr-x  2 okeydokey rvenkat 4096 Apr 24 14:09 Videos
-rw-------  1 okeydokey rvenkat   68 Apr 29  2019 .Xauthority
-rw-------  1 okeydokey rvenkat   82 Apr 29  2019 .xsession-errors
-rw-------  1 okeydokey rvenkat 1368 Apr 25 14:12 .xsession-errors.old
root@VR-HP-Pavilion-g6-NB-PC:/home/okeydokey# cd sawtooth-supply-chain
root@VR-HP-Pavilion-g6-NB-PC:/home/okeydokey/sawtooth-supply-chain# ls
asset_client                   docker-compose.yaml  ledger_sync     README.md
bin                            docs                 LICENSE         server
CODEOWNERS                     fish_client          MAINTAINERS.md  shell
CONTRIBUTING.md                images               nose2.cfg       tests
docker                         integration          processor       VERSION
docker-compose-installed.yaml  Jenkinsfile          protos
root@VR-HP-Pavilion-g6-NB-PC:/home/okeydokey/sawtooth-supply-chain# docker-compose up
The program 'docker-compose' is currently not installed. You can install it by typing:
apt install docker-compose
root@VR-HP-Pavilion-g6-NB-PC:/home/okeydokey/sawtooth-supply-chain# ./docker-compose.yaml up
bash: ./docker-compose.yaml: Permission denied
root@VR-HP-Pavilion-g6-NB-PC:/home/okeydokey/sawtooth-supply-chain# ls -al
total 148
drwxr-xr-x 16 root    root     4096 Apr 29 14:29 .
drwxr-xr-x 19 okeydokey rvenkat  4096 Apr 29 14:29 ..
drwxr-xr-x  7 root    root     4096 Apr 29 14:29 asset_client
drwxr-xr-x  2 root    root     4096 Apr 29 14:29 bin
-rw-r--r--  1 root    root      136 Apr 29 14:29 CODEOWNERS
-rw-r--r--  1 root    root      714 Apr 29 14:29 CONTRIBUTING.md
drwxr-xr-x  3 root    root     4096 Apr 29 14:29 docker
-rw-r--r--  1 root    root     3436 Apr 29 14:29 docker-compose-installed.yaml
-rw-r--r--  1 root    root     5730 Apr 29 14:29 docker-compose.yaml
-rw-r--r--  1 root    root       48 Apr 29 14:29 .dockerignore
drwxr-xr-x  3 root    root     4096 Apr 29 14:29 docs
-rw-r--r--  1 root    root       34 Apr 29 14:29 .env
drwxr-xr-x  7 root    root     4096 Apr 29 14:29 fish_client
drwxr-xr-x  8 root    root     4096 Apr 29 14:29 .git
-rw-r--r--  1 root    root      359 Apr 29 14:29 .gitignore
drwxr-xr-x  2 root    root     4096 Apr 29 14:29 images
drwxr-xr-x  3 root    root     4096 Apr 29 14:29 integration
-rw-r--r--  1 root    root     4010 Apr 29 14:29 Jenkinsfile
drwxr-xr-x  5 root    root     4096 Apr 29 14:29 ledger_sync
-rw-r--r--  1 root    root    11358 Apr 29 14:29 LICENSE
-rw-r--r--  1 root    root      503 Apr 29 14:29 MAINTAINERS.md
-rw-r--r--  1 root    root      142 Apr 29 14:29 nose2.cfg
-rw-r--r--  1 root    root      123 Apr 29 14:29 .pep8
drwxr-xr-x  3 root    root     4096 Apr 29 14:29 processor
drwxr-xr-x  2 root    root     4096 Apr 29 14:29 protos
-rw-r--r--  1 root    root    11807 Apr 29 14:29 .pylintrc
-rw-r--r--  1 root    root     7238 Apr 29 14:29 README.md
drwxr-xr-x  7 root    root     4096 Apr 29 14:29 server
drwxr-xr-x  2 root    root     4096 Apr 29 14:29 shell
drwxr-xr-x  3 root    root     4096 Apr 29 14:29 tests
-rw-r--r--  1 root    root        7 Apr 29 14:29 VERSION
root@VR-HP-Pavilion-g6-NB-PC:/home/okeydokey/sawtooth-supply-chain# vi docker-compose.yaml
root@VR-HP-Pavilion-g6-NB-PC:/home/okeydokey/sawtooth-supply-chain# curl -L https://github.com/docker/compose/releases/download/1.24.0/docker-compose-`uname -s`-`uname -m` -o /usr/local/bin/docker-compose
  % Total    % Received % Xferd  Average Speed   Time    Time     Time  Current
                                 Dload  Upload   Total   Spent    Left  Speed
100   617    0   617    0     0    358      0 --:--:--  0:00:01 --:--:--   358
100 15.4M  100 15.4M    0     0   642k      0  0:00:24  0:00:24 --:--:--  826k
root@VR-HP-Pavilion-g6-NB-PC:/home/okeydokey/sawtooth-supply-chain# help docker-compose
bash: help: no help topics match `docker-compose'.  Try `help help' or `man -k docker-compose' or `info docker-compose'.
root@VR-HP-Pavilion-g6-NB-PC:/home/okeydokey/sawtooth-supply-chain# docker-compose up
bash: /usr/local/bin/docker-compose: Permission denied
root@VR-HP-Pavilion-g6-NB-PC:/home/okeydokey/sawtooth-supply-chain# ls -al
total 148
drwxr-xr-x 16 root    root     4096 Apr 29 14:32 .
drwxr-xr-x 19 okeydokey rvenkat  4096 Apr 29 14:29 ..
drwxr-xr-x  7 root    root     4096 Apr 29 14:29 asset_client
drwxr-xr-x  2 root    root     4096 Apr 29 14:29 bin
-rw-r--r--  1 root    root      136 Apr 29 14:29 CODEOWNERS
-rw-r--r--  1 root    root      714 Apr 29 14:29 CONTRIBUTING.md
drwxr-xr-x  3 root    root     4096 Apr 29 14:29 docker
-rw-r--r--  1 root    root     3436 Apr 29 14:29 docker-compose-installed.yaml
-rw-r--r--  1 root    root     5730 Apr 29 14:29 docker-compose.yaml
-rw-r--r--  1 root    root       48 Apr 29 14:29 .dockerignore
drwxr-xr-x  3 root    root     4096 Apr 29 14:29 docs
-rw-r--r--  1 root    root       34 Apr 29 14:29 .env
drwxr-xr-x  7 root    root     4096 Apr 29 14:29 fish_client
drwxr-xr-x  8 root    root     4096 Apr 29 14:29 .git
-rw-r--r--  1 root    root      359 Apr 29 14:29 .gitignore
drwxr-xr-x  2 root    root     4096 Apr 29 14:29 images
drwxr-xr-x  3 root    root     4096 Apr 29 14:29 integration
-rw-r--r--  1 root    root     4010 Apr 29 14:29 Jenkinsfile
drwxr-xr-x  5 root    root     4096 Apr 29 14:29 ledger_sync
-rw-r--r--  1 root    root    11358 Apr 29 14:29 LICENSE
-rw-r--r--  1 root    root      503 Apr 29 14:29 MAINTAINERS.md
-rw-r--r--  1 root    root      142 Apr 29 14:29 nose2.cfg
-rw-r--r--  1 root    root      123 Apr 29 14:29 .pep8
drwxr-xr-x  3 root    root     4096 Apr 29 14:29 processor
drwxr-xr-x  2 root    root     4096 Apr 29 14:29 protos
-rw-r--r--  1 root    root    11807 Apr 29 14:29 .pylintrc
-rw-r--r--  1 root    root     7238 Apr 29 14:29 README.md
drwxr-xr-x  7 root    root     4096 Apr 29 14:29 server
drwxr-xr-x  2 root    root     4096 Apr 29 14:29 shell
drwxr-xr-x  3 root    root     4096 Apr 29 14:29 tests
-rw-r--r--  1 root    root        7 Apr 29 14:29 VERSION
root@VR-HP-Pavilion-g6-NB-PC:/home/okeydokey/sawtooth-supply-chain# 
root@VR-HP-Pavilion-g6-NB-PC:/home/okeydokey/sawtooth-supply-chain# 
root@VR-HP-Pavilion-g6-NB-PC:/home/okeydokey/sawtooth-supply-chain# cd /usr/local/bin
root@VR-HP-Pavilion-g6-NB-PC:/usr/local/bin# ls -al docker-compose
-rw-r--r-- 1 root root 16154160 Apr 29 14:39 docker-compose
root@VR-HP-Pavilion-g6-NB-PC:/usr/local/bin# chmod +x /usr/local/bin/docker-compose
root@VR-HP-Pavilion-g6-NB-PC:/usr/local/bin# 
root@VR-HP-Pavilion-g6-NB-PC:/usr/local/bin# cd /home/okeydokey
root@VR-HP-Pavilion-g6-NB-PC:/home/okeydokey# ls
commands              Documents         Music     sawtooth-supply-chain
config-genesis.batch  Downloads         Pictures  Templates
Desktop               examples.desktop  Public    Videos
root@VR-HP-Pavilion-g6-NB-PC:/home/okeydokey# cd saw*
root@VR-HP-Pavilion-g6-NB-PC:/home/okeydokey/sawtooth-supply-chain# docker-compose up
WARNING: The http_proxy variable is not set. Defaulting to a blank string.
WARNING: The https_proxy variable is not set. Defaulting to a blank string.
WARNING: The no_proxy variable is not set. Defaulting to a blank string.
Creating network "sawtooth-supply-chain_default" with the default driver
Building processor
Step 1/12 : FROM rust:1
1: Pulling from library/rust
e79bb959ec00: Pull complete
d4b7902036fe: Pull complete
1b2a72d4e030: Pull complete
d54db43011fd: Pull complete
69d473365bb3: Pull complete
2a96310c6906: Pull complete
Digest: sha256:669280d4979a0adf7349d88677646fb6f344c6c839da33d6a2f727436eab741f
Status: Downloaded newer image for rust:1
 ---> 337c67f57614
Step 2/12 : RUN apt-get update && apt-get install -y unzip libzmq3-dev
 ---> Running in 2468f5132bee
Get:1 http://security.debian.org/debian-security stretch/updates InRelease [94.3 kB]
Ign:2 http://deb.debian.org/debian stretch InRelease
Get:3 http://deb.debian.org/debian stretch-updates InRelease [91.0 kB]
Get:4 http://deb.debian.org/debian stretch Release [118 kB]
Get:5 http://security.debian.org/debian-security stretch/updates/main amd64 Packages [485 kB]
Get:6 http://deb.debian.org/debian stretch-updates/main amd64 Packages [11.1 kB]
Get:7 http://deb.debian.org/debian stretch Release.gpg [2434 B]
Get:8 http://deb.debian.org/debian stretch/main amd64 Packages [7082 kB]
Fetched 7884 kB in 21s (368 kB/s)
Reading package lists...
Reading package lists...
Building dependency tree...
Reading state information...
The following additional packages will be installed:
  libpgm-5.2-0 libsodium18 libzmq5
Suggested packages:
  zip
The following NEW packages will be installed:
  libpgm-5.2-0 libsodium18 libzmq3-dev libzmq5
The following packages will be upgraded:
  unzip
1 upgraded, 4 newly installed, 0 to remove and 28 not upgraded.
Need to get 1059 kB of archives.
After this operation, 3356 kB of additional disk space will be used.
Get:1 http://deb.debian.org/debian stretch/main amd64 libpgm-5.2-0 amd64 5.2.122~dfsg-2 [157 kB]
Get:2 http://deb.debian.org/debian stretch/main amd64 libsodium18 amd64 1.0.11-2 [161 kB]
Get:3 http://deb.debian.org/debian stretch/main amd64 libzmq5 amd64 4.2.1-4+deb9u1 [201 kB]
Get:4 http://deb.debian.org/debian stretch/main amd64 libzmq3-dev amd64 4.2.1-4+deb9u1 [370 kB]
Get:5 http://deb.debian.org/debian stretch/main amd64 unzip amd64 6.0-21+deb9u1 [170 kB]
debconf: delaying package configuration, since apt-utils is not installed
Fetched 1059 kB in 16s (64.8 kB/s)
Selecting previously unselected package libpgm-5.2-0:amd64.
(Reading database ... 29978 files and directories currently installed.)
Preparing to unpack .../libpgm-5.2-0_5.2.122~dfsg-2_amd64.deb ...
Unpacking libpgm-5.2-0:amd64 (5.2.122~dfsg-2) ...
Selecting previously unselected package libsodium18:amd64.
Preparing to unpack .../libsodium18_1.0.11-2_amd64.deb ...
Unpacking libsodium18:amd64 (1.0.11-2) ...
Selecting previously unselected package libzmq5:amd64.
Preparing to unpack .../libzmq5_4.2.1-4+deb9u1_amd64.deb ...
Unpacking libzmq5:amd64 (4.2.1-4+deb9u1) ...
Selecting previously unselected package libzmq3-dev:amd64.
Preparing to unpack .../libzmq3-dev_4.2.1-4+deb9u1_amd64.deb ...
Unpacking libzmq3-dev:amd64 (4.2.1-4+deb9u1) ...
Preparing to unpack .../unzip_6.0-21+deb9u1_amd64.deb ...
Unpacking unzip (6.0-21+deb9u1) over (6.0-21) ...
Setting up libpgm-5.2-0:amd64 (5.2.122~dfsg-2) ...
Processing triggers for mime-support (3.60) ...
Setting up unzip (6.0-21+deb9u1) ...
Processing triggers for libc-bin (2.24-11+deb9u4) ...
Setting up libsodium18:amd64 (1.0.11-2) ...
Setting up libzmq5:amd64 (4.2.1-4+deb9u1) ...
Setting up libzmq3-dev:amd64 (4.2.1-4+deb9u1) ...
Processing triggers for libc-bin (2.24-11+deb9u4) ...
Removing intermediate container 2468f5132bee
 ---> 8718e94152e4
Step 3/12 : RUN  if [ ! -z $HTTP_PROXY ] && [ -z $http_proxy ]; then   http_proxy=$HTTP_PROXY;  fi;  if [ ! -z $HTTPS_PROXY ] && [ -z $https_proxy ]; then   https_proxy=$HTTPS_PROXY;  fi;  if [ ! -z $http_proxy ]; then   http_proxy_host=$(printf $http_proxy | sed 's|http.*://\(.*\):\(.*\)$|\1|');  http_proxy_port=$(printf $http_proxy | sed 's|http.*://\(.*\):\(.*\)$|\2|');  mkdir -p $HOME/.cargo   && echo "[http]" >> $HOME/.cargo/config   && echo 'proxy = "'$http_proxy_host:$http_proxy_port'"' >> $HOME/.cargo/config   && cat $HOME/.cargo/config;  fi;  if [ ! -z $https_proxy ]; then   https_proxy_host=$(printf $https_proxy | sed 's|http.*://\(.*\):\(.*\)$|\1|');  https_proxy_port=$(printf $https_proxy | sed 's|http.*://\(.*\):\(.*\)$|\2|');  mkdir -p $HOME/.cargo   && echo "[https]" >> $HOME/.cargo/config   && echo 'proxy = "'$https_proxy_host:$https_proxy_port'"' >> $HOME/.cargo/config   && cat $HOME/.cargo/config;  fi;
 ---> Running in ca6f891257ed
Removing intermediate container ca6f891257ed
 ---> 01b7fe9a16bc
Step 4/12 : RUN curl -OLsS https://github.com/google/protobuf/releases/download/v3.5.1/protoc-3.5.1-linux-x86_64.zip  && unzip protoc-3.5.1-linux-x86_64.zip -d protoc3  && rm protoc-3.5.1-linux-x86_64.zip
 ---> Running in a71cec9b54e8
Archive:  protoc-3.5.1-linux-x86_64.zip
   creating: protoc3/include/
   creating: protoc3/include/google/
   creating: protoc3/include/google/protobuf/
  inflating: protoc3/include/google/protobuf/struct.proto  
  inflating: protoc3/include/google/protobuf/type.proto  
  inflating: protoc3/include/google/protobuf/descriptor.proto  
  inflating: protoc3/include/google/protobuf/api.proto  
  inflating: protoc3/include/google/protobuf/empty.proto  
   creating: protoc3/include/google/protobuf/compiler/
  inflating: protoc3/include/google/protobuf/compiler/plugin.proto  
  inflating: protoc3/include/google/protobuf/any.proto  
  inflating: protoc3/include/google/protobuf/field_mask.proto  
  inflating: protoc3/include/google/protobuf/wrappers.proto  
  inflating: protoc3/include/google/protobuf/timestamp.proto  
  inflating: protoc3/include/google/protobuf/duration.proto  
  inflating: protoc3/include/google/protobuf/source_context.proto  
   creating: protoc3/bin/
  inflating: protoc3/bin/protoc      
  inflating: protoc3/readme.txt      
Removing intermediate container a71cec9b54e8
 ---> 21466cf10ef6
Step 5/12 : RUN apt-get update && apt-get install -y protobuf-compiler
 ---> Running in f5a52150156b
Hit:1 http://security.debian.org/debian-security stretch/updates InRelease
Ign:2 http://deb.debian.org/debian stretch InRelease
Hit:3 http://deb.debian.org/debian stretch-updates InRelease
Hit:4 http://deb.debian.org/debian stretch Release
Reading package lists...
Reading package lists...
Building dependency tree...
Reading state information...
The following additional packages will be installed:
  libprotobuf10 libprotoc10
The following NEW packages will be installed:
  libprotobuf10 libprotoc10 protobuf-compiler
0 upgraded, 3 newly installed, 0 to remove and 28 not upgraded.
Need to get 1359 kB of archives.
After this operation, 5209 kB of additional disk space will be used.
Get:1 http://deb.debian.org/debian stretch/main amd64 libprotobuf10 amd64 3.0.0-9 [681 kB]
Get:2 http://deb.debian.org/debian stretch/main amd64 libprotoc10 amd64 3.0.0-9 [626 kB]
Get:3 http://deb.debian.org/debian stretch/main amd64 protobuf-compiler amd64 3.0.0-9 [52.8 kB]
debconf: delaying package configuration, since apt-utils is not installed
Fetched 1359 kB in 2s (599 kB/s)
Selecting previously unselected package libprotobuf10:amd64.
(Reading database ... 30071 files and directories currently installed.)
Preparing to unpack .../libprotobuf10_3.0.0-9_amd64.deb ...
Unpacking libprotobuf10:amd64 (3.0.0-9) ...
Selecting previously unselected package libprotoc10:amd64.
Preparing to unpack .../libprotoc10_3.0.0-9_amd64.deb ...
Unpacking libprotoc10:amd64 (3.0.0-9) ...
Selecting previously unselected package protobuf-compiler.
Preparing to unpack .../protobuf-compiler_3.0.0-9_amd64.deb ...
Unpacking protobuf-compiler (3.0.0-9) ...
Setting up libprotobuf10:amd64 (3.0.0-9) ...
Processing triggers for libc-bin (2.24-11+deb9u4) ...
Setting up libprotoc10:amd64 (3.0.0-9) ...
Setting up protobuf-compiler (3.0.0-9) ...
Processing triggers for libc-bin (2.24-11+deb9u4) ...
Removing intermediate container f5a52150156b
 ---> b1c1a8eecde0
Step 6/12 : WORKDIR /sawtooth-supply-chain
 ---> Running in f8340c05b42b
Removing intermediate container f8340c05b42b
 ---> 2f339aeb7966
Step 7/12 : RUN USER=root cargo new --bin processor
 ---> Running in 26055ce5af04
     Created binary (application) `processor` package
Removing intermediate container 26055ce5af04
 ---> 09d6b4854c3d
Step 8/12 : WORKDIR /sawtooth-supply-chain/processor
 ---> Running in 27ead61f4e0a
Removing intermediate container 27ead61f4e0a
 ---> e125765b7495
Step 9/12 : COPY Cargo.toml Cargo.lock* ./
 ---> a2c09721a29d
Step 10/12 : RUN cargo build
 ---> Running in f6edd6ccb8c3
    Updating crates.io index
 Downloading crates ...
  Downloaded log v0.3.9
  Downloaded log4rs v0.7.0
  Downloaded rustc-serialize v0.3.24
  Downloaded sawtooth-zmq v0.8.2-dev5
  Downloaded sawtooth-sdk v0.2.0
  Downloaded protobuf v2.5.0
  Downloaded clap v2.33.0
  Downloaded rust-crypto v0.2.36
  Downloaded log v0.4.6
  Downloaded fnv v1.0.6
  Downloaded serde_json v1.0.39
  Downloaded libc v0.2.53
  Downloaded serde-value v0.5.3
  Downloaded chrono v0.3.0
  Downloaded serde_derive v1.0.90
  Downloaded zmq-sys v0.8.2
  Downloaded humantime v1.2.0
  Downloaded log-mdc v0.1.0
  Downloaded antidote v1.0.0
  Downloaded flate2 v0.2.20
  Downloaded serde v1.0.90
  Downloaded serde_yaml v0.7.5
  Downloaded typemap v0.3.3
  Downloaded crossbeam v0.2.12
  Downloaded time v0.1.42
  Downloaded gcc v0.3.55
  Downloaded textwrap v0.11.0
  Downloaded vec_map v0.8.1
  Downloaded cfg-if v0.1.7
  Downloaded syn v0.15.33
  Downloaded uuid v0.5.1
  Downloaded miniz-sys v0.1.11
  Downloaded metadeps v1.1.2
  Downloaded ansi_term v0.11.0
  Downloaded strsim v0.8.0
  Downloaded ordered-float v1.0.2
  Downloaded proc-macro2 v0.4.29
  Downloaded ctrlc v3.1.2
  Downloaded glob v0.2.11
  Downloaded num v0.1.42
  Downloaded openssl v0.10.20
  Downloaded hex v0.3.2
  Downloaded atty v0.2.11
  Downloaded quick-error v1.2.2
  Downloaded rand v0.3.23
  Downloaded itoa v0.4.3
  Downloaded ryu v0.2.7
  Downloaded bitflags v1.0.4
  Downloaded quote v0.6.12
  Downloaded rand v0.4.6
  Downloaded unicode-width v0.1.5
  Downloaded pkg-config v0.3.14
  Downloaded protoc-rust v2.5.0
  Downloaded num-iter v0.1.37
  Downloaded unicode-xid v0.1.0
  Downloaded openssl-sys v0.9.43
  Downloaded error-chain v0.10.0
  Downloaded foreign-types v0.3.2
  Downloaded secp256k1 v0.7.1
  Downloaded dtoa v0.4.3
  Downloaded lazy_static v1.3.0
  Downloaded cc v1.0.35
  Downloaded linked-hash-map v0.5.2
  Downloaded num-integer v0.1.39
  Downloaded nix v0.13.0
  Downloaded toml v0.2.1
  Downloaded yaml-rust v0.4.3
  Downloaded unsafe-any v0.4.2
  Downloaded foreign-types-shared v0.1.1
  Downloaded void v1.0.2
  Downloaded tempfile v3.0.7
  Downloaded rustc_version v0.2.3
  Downloaded num-traits v0.2.6
  Downloaded remove_dir_all v0.5.1
  Downloaded semver v0.9.0
  Downloaded rand v0.6.5
  Downloaded protoc v2.5.0
  Downloaded traitobject v0.1.0
  Downloaded protobuf-codegen v2.5.0
  Downloaded arrayvec v0.3.25
  Downloaded rand_isaac v0.1.1
  Downloaded semver-parser v0.7.0
  Downloaded rand_jitter v0.1.3
  Downloaded rand_xorshift v0.1.1
  Downloaded rand_pcg v0.1.2
  Downloaded rand_hc v0.1.0
  Downloaded rand_os v0.1.3
  Downloaded autocfg v0.1.2
  Downloaded rand_chacha v0.1.1
  Downloaded nodrop v0.1.13
  Downloaded rand_core v0.3.1
  Downloaded rand_core v0.4.0
  Downloaded odds v0.2.26
   Compiling libc v0.2.53
   Compiling autocfg v0.1.2
   Compiling error-chain v0.10.0
   Compiling rand_core v0.4.0
   Compiling pkg-config v0.3.14
   Compiling toml v0.2.1
   Compiling protobuf v2.5.0
   Compiling semver-parser v0.7.0
   Compiling num-traits v0.2.6
   Compiling num-integer v0.1.39
   Compiling cfg-if v0.1.7
   Compiling proc-macro2 v0.4.29
   Compiling num-iter v0.1.37
   Compiling unicode-xid v0.1.0
   Compiling serde v1.0.90
   Compiling ryu v0.2.7
   Compiling cc v1.0.35
   Compiling remove_dir_all v0.5.1
   Compiling nix v0.13.0
   Compiling syn v0.15.33
   Compiling gcc v0.3.55
   Compiling bitflags v1.0.4
   Compiling linked-hash-map v0.5.2
   Compiling void v1.0.2
   Compiling odds v0.2.26
   Compiling openssl v0.10.20
   Compiling traitobject v0.1.0
   Compiling itoa v0.4.3
   Compiling foreign-types-shared v0.1.1
   Compiling glob v0.2.11
   Compiling nodrop v0.1.13
   Compiling unicode-width v0.1.5
   Compiling rustc-serialize v0.3.24
   Compiling quick-error v1.2.2
   Compiling lazy_static v1.3.0
   Compiling dtoa v0.4.3
   Compiling log-mdc v0.1.0
   Compiling vec_map v0.8.1
   Compiling hex v0.3.2
   Compiling fnv v1.0.6
   Compiling ansi_term v0.11.0
   Compiling strsim v0.8.0
   Compiling antidote v1.0.0
   Compiling crossbeam v0.2.12
   Compiling rand_core v0.3.1
   Compiling rand_jitter v0.1.3
   Compiling rand_chacha v0.1.1
   Compiling rand_pcg v0.1.2
   Compiling rand v0.6.5
   Compiling semver v0.9.0
   Compiling metadeps v1.1.2
   Compiling log v0.4.6
   Compiling yaml-rust v0.4.3
   Compiling rust-crypto v0.2.36
   Compiling secp256k1 v0.7.1
   Compiling unsafe-any v0.4.2
   Compiling foreign-types v0.3.2
   Compiling miniz-sys v0.1.11
   Compiling arrayvec v0.3.25
   Compiling textwrap v0.11.0
   Compiling humantime v1.2.0
   Compiling rand_hc v0.1.0
   Compiling rand_xorshift v0.1.1
   Compiling rand_isaac v0.1.1
   Compiling protoc v2.5.0
   Compiling log v0.3.9
   Compiling zmq-sys v0.8.2
   Compiling rustc_version v0.2.3
   Compiling typemap v0.3.3
   Compiling rand_os v0.1.3
   Compiling rand v0.4.6
   Compiling time v0.1.42
   Compiling atty v0.2.11
   Compiling openssl-sys v0.9.43
   Compiling ordered-float v1.0.2
   Compiling quote v0.6.12
   Compiling rand v0.3.23
   Compiling serde_json v1.0.39
   Compiling serde_yaml v0.7.5
warning: redundant linker flag specified for library `zmq`

   Compiling ctrlc v3.1.2
   Compiling clap v2.33.0
   Compiling protobuf-codegen v2.5.0
   Compiling serde-value v0.5.3
   Compiling flate2 v0.2.20
   Compiling uuid v0.5.1
   Compiling sawtooth-zmq v0.8.2-dev5
   Compiling tempfile v3.0.7
   Compiling num v0.1.42
   Compiling serde_derive v1.0.90
   Compiling protoc-rust v2.5.0
   Compiling chrono v0.3.0
   Compiling sawtooth-sdk v0.2.0
   Compiling log4rs v0.7.0
   Compiling supply-chain-tp v0.10.1 (/sawtooth-supply-chain/processor)
    Finished dev [unoptimized + debuginfo] target(s) in 5m 33s
Removing intermediate container f6edd6ccb8c3
 ---> 5d7fa61867e0
Step 11/12 : ENV PATH=$PATH:/sawtooth-supply-chain/processor/target/debug/
 ---> Running in d8f9a5594708
Removing intermediate container d8f9a5594708
 ---> f6602dfafb86
Step 12/12 : ENTRYPOINT ["/sawtooth-supply-chain/processor/target/debug/supply-chain-tp"]
 ---> Running in 4ce0bdc8510d
Removing intermediate container 4ce0bdc8510d
 ---> feb326a5460c
Successfully built feb326a5460c
Successfully tagged supply-tp:latest
WARNING: Image for service processor was built because it did not already exist. To rebuild this image you must use `docker-compose build` or `docker-compose up --build`.
Pulling rethink (rethinkdb:)...
latest: Pulling from library/rethinkdb
bf295113f40d: Pull complete
4aa352d0099b: Pull complete
72a5df1d7aa5: Pull complete
ca958152c7c0: Pull complete
d849185ff690: Pull complete
Digest: sha256:80967fafeb6cc2491bf8c4b19380889d29a7b8432a7cbd5ec5861c26cc32c785
Status: Downloaded newer image for rethinkdb:latest
Pulling validator (hyperledger/sawtooth-validator:1.0)...
1.0: Pulling from hyperledger/sawtooth-validator
8ee29e426c26: Pull complete
6e83b260b73b: Pull complete
e26b65fd1143: Pull complete
40dca07f8222: Pull complete
b420ae9e10b3: Pull complete
9394059171bb: Pull complete
Digest: sha256:411dbf762926e9e8918a71e9fd5f44e017a3f1bee01139c57c8894c1c16486cb
Status: Downloaded newer image for hyperledger/sawtooth-validator:1.0
Building ledger-sync
Step 1/8 : FROM ubuntu:bionic
bionic: Pulling from library/ubuntu
Digest: sha256:d26d529daa4d8567167181d9d569f2a85da3c5ecaf539cace2c6223355d69981
Status: Downloaded newer image for ubuntu:bionic
 ---> d131e0fa2585
Step 2/8 : LABEL "install-type"="mounted"
 ---> Running in 189d15251e88
Removing intermediate container 189d15251e88
 ---> 39c902a3be30
Step 3/8 : RUN apt-get update && apt-get install -y -q --no-install-recommends     curl     ca-certificates     gnupg     pkg-config     build-essential     libzmq3-dev  && curl -s -S -o /tmp/setup-node.sh https://deb.nodesource.com/setup_8.x  && chmod 755 /tmp/setup-node.sh  && /tmp/setup-node.sh  && apt-get install nodejs -y -q  && rm /tmp/setup-node.sh  && apt-get clean  && rm -rf /var/lib/apt/lists/*  && npm install -g prebuild-install
 ---> Running in 87d12c5ac2a7
Get:1 http://security.ubuntu.com/ubuntu bionic-security InRelease [88.7 kB]
Get:2 http://archive.ubuntu.com/ubuntu bionic InRelease [242 kB]
Get:3 http://security.ubuntu.com/ubuntu bionic-security/multiverse amd64 Packages [4171 B]
Get:4 http://archive.ubuntu.com/ubuntu bionic-updates InRelease [88.7 kB]
Get:5 http://security.ubuntu.com/ubuntu bionic-security/universe amd64 Packages [304 kB]
Get:6 http://security.ubuntu.com/ubuntu bionic-security/main amd64 Packages [416 kB]
Get:7 http://archive.ubuntu.com/ubuntu bionic-backports InRelease [74.6 kB]
Get:8 http://security.ubuntu.com/ubuntu bionic-security/restricted amd64 Packages [5436 B]
Get:9 http://archive.ubuntu.com/ubuntu bionic/main amd64 Packages [1344 kB]
Get:10 http://archive.ubuntu.com/ubuntu bionic/restricted amd64 Packages [13.5 kB]
Get:11 http://archive.ubuntu.com/ubuntu bionic/multiverse amd64 Packages [186 kB]
Get:12 http://archive.ubuntu.com/ubuntu bionic/universe amd64 Packages [11.3 MB]
Get:13 http://archive.ubuntu.com/ubuntu bionic-updates/multiverse amd64 Packages [7238 B]
Get:14 http://archive.ubuntu.com/ubuntu bionic-updates/restricted amd64 Packages [10.8 kB]
Get:15 http://archive.ubuntu.com/ubuntu bionic-updates/main amd64 Packages [774 kB]
Get:16 http://archive.ubuntu.com/ubuntu bionic-updates/universe amd64 Packages [1106 kB]
Get:17 http://archive.ubuntu.com/ubuntu bionic-backports/main amd64 Packages [942 B]
Get:18 http://archive.ubuntu.com/ubuntu bionic-backports/universe amd64 Packages [3652 B]
Fetched 16.0 MB in 22s (734 kB/s)
Reading package lists...
Reading package lists...
Building dependency tree...
Reading state information...
The following additional packages will be installed:
  binutils binutils-common binutils-x86-64-linux-gnu cpp cpp-7 dirmngr
  dpkg-dev g++ g++-7 gcc gcc-7 gcc-7-base gnupg-l10n gnupg-utils gpg gpg-agent
  gpg-wks-client gpg-wks-server gpgconf gpgsm libasan4 libasn1-8-heimdal
  libassuan0 libatomic1 libbinutils libc-dev-bin libc6-dev libcc1-0
  libcilkrts5 libcurl4 libdpkg-perl libgcc-7-dev libgdbm-compat4 libgdbm5
  libglib2.0-0 libgomp1 libgssapi-krb5-2 libgssapi3-heimdal
  libhcrypto4-heimdal libheimbase1-heimdal libheimntlm0-heimdal
  libhx509-5-heimdal libisl19 libitm1 libk5crypto3 libkeyutils1
  libkrb5-26-heimdal libkrb5-3 libkrb5support0 libksba8 libldap-2.4-2
  libldap-common liblsan0 libmpc3 libmpfr6 libmpx2 libnghttp2-14 libnorm1
  libnpth0 libperl5.26 libpgm-5.2-0 libpsl5 libquadmath0 libreadline7
  libroken18-heimdal librtmp1 libsasl2-2 libsasl2-modules-db libsodium23
  libsqlite3-0 libssl1.1 libstdc++-7-dev libtsan0 libubsan0 libwind0-heimdal
  libzmq5 linux-libc-dev make openssl patch perl perl-modules-5.26
  pinentry-curses readline-common xz-utils
Suggested packages:
  binutils-doc cpp-doc gcc-7-locales dbus-user-session libpam-systemd
  pinentry-gnome3 tor debian-keyring g++-multilib g++-7-multilib gcc-7-doc
  libstdc++6-7-dbg gcc-multilib manpages-dev autoconf automake libtool flex
  bison gdb gcc-doc gcc-7-multilib libgcc1-dbg libgomp1-dbg libitm1-dbg
  libatomic1-dbg libasan4-dbg liblsan0-dbg libtsan0-dbg libubsan0-dbg
  libcilkrts5-dbg libmpx2-dbg libquadmath0-dbg parcimonie xloadimage scdaemon
  glibc-doc git bzr gdbm-l10n krb5-doc krb5-user libstdc++-7-doc make-doc ed
  diffutils-doc perl-doc libterm-readline-gnu-perl
  | libterm-readline-perl-perl pinentry-doc readline-doc
Recommended packages:
  fakeroot libalgorithm-merge-perl manpages manpages-dev
  libfile-fcntllock-perl liblocale-gettext-perl libglib2.0-data
  shared-mime-info xdg-user-dirs krb5-locales publicsuffix libsasl2-modules
  netbase
The following NEW packages will be installed:
  binutils binutils-common binutils-x86-64-linux-gnu build-essential
  ca-certificates cpp cpp-7 curl dirmngr dpkg-dev g++ g++-7 gcc gcc-7
  gcc-7-base gnupg gnupg-l10n gnupg-utils gpg gpg-agent gpg-wks-client
  gpg-wks-server gpgconf gpgsm libasan4 libasn1-8-heimdal libassuan0
  libatomic1 libbinutils libc-dev-bin libc6-dev libcc1-0 libcilkrts5 libcurl4
  libdpkg-perl libgcc-7-dev libgdbm-compat4 libgdbm5 libglib2.0-0 libgomp1
  libgssapi-krb5-2 libgssapi3-heimdal libhcrypto4-heimdal libheimbase1-heimdal
  libheimntlm0-heimdal libhx509-5-heimdal libisl19 libitm1 libk5crypto3
  libkeyutils1 libkrb5-26-heimdal libkrb5-3 libkrb5support0 libksba8
  libldap-2.4-2 libldap-common liblsan0 libmpc3 libmpfr6 libmpx2 libnghttp2-14
  libnorm1 libnpth0 libperl5.26 libpgm-5.2-0 libpsl5 libquadmath0 libreadline7
  libroken18-heimdal librtmp1 libsasl2-2 libsasl2-modules-db libsodium23
  libsqlite3-0 libssl1.1 libstdc++-7-dev libtsan0 libubsan0 libwind0-heimdal
  libzmq3-dev libzmq5 linux-libc-dev make openssl patch perl perl-modules-5.26
  pinentry-curses pkg-config readline-common xz-utils
0 upgraded, 91 newly installed, 0 to remove and 2 not upgraded.
Need to get 50.7 MB of archives.
After this operation, 227 MB of additional disk space will be used.
Get:1 http://archive.ubuntu.com/ubuntu bionic-updates/main amd64 perl-modules-5.26 all 5.26.1-6ubuntu0.3 [2763 kB]
Get:2 http://archive.ubuntu.com/ubuntu bionic/main amd64 libgdbm5 amd64 1.14.1-6 [26.0 kB]
Get:3 http://archive.ubuntu.com/ubuntu bionic/main amd64 libgdbm-compat4 amd64 1.14.1-6 [6084 B]
Get:4 http://archive.ubuntu.com/ubuntu bionic-updates/main amd64 libperl5.26 amd64 5.26.1-6ubuntu0.3 [3527 kB]
Get:5 http://archive.ubuntu.com/ubuntu bionic-updates/main amd64 perl amd64 5.26.1-6ubuntu0.3 [201 kB]
Get:6 http://archive.ubuntu.com/ubuntu bionic-updates/main amd64 libssl1.1 amd64 1.1.0g-2ubuntu4.3 [1130 kB]
Get:7 http://archive.ubuntu.com/ubuntu bionic-updates/main amd64 openssl amd64 1.1.0g-2ubuntu4.3 [532 kB]
Get:8 http://archive.ubuntu.com/ubuntu bionic/main amd64 ca-certificates all 20180409 [151 kB]
Get:9 http://archive.ubuntu.com/ubuntu bionic-updates/main amd64 libglib2.0-0 amd64 2.56.3-0ubuntu0.18.04.1 [1168 kB]
Get:10 http://archive.ubuntu.com/ubuntu bionic/main amd64 readline-common all 7.0-3 [52.9 kB]
Get:11 http://archive.ubuntu.com/ubuntu bionic/main amd64 libreadline7 amd64 7.0-3 [124 kB]
Get:12 http://archive.ubuntu.com/ubuntu bionic/main amd64 libsqlite3-0 amd64 3.22.0-1 [496 kB]
Get:13 http://archive.ubuntu.com/ubuntu bionic/main amd64 xz-utils amd64 5.2.2-1.3 [83.8 kB]
Get:14 http://archive.ubuntu.com/ubuntu bionic-updates/main amd64 libkrb5support0 amd64 1.16-2ubuntu0.1 [30.9 kB]
Get:15 http://archive.ubuntu.com/ubuntu bionic-updates/main amd64 libk5crypto3 amd64 1.16-2ubuntu0.1 [85.6 kB]
Get:16 http://archive.ubuntu.com/ubuntu bionic/main amd64 libkeyutils1 amd64 1.5.9-9.2ubuntu2 [8720 B]
Get:17 http://archive.ubuntu.com/ubuntu bionic-updates/main amd64 libkrb5-3 amd64 1.16-2ubuntu0.1 [279 kB]
Get:18 http://archive.ubuntu.com/ubuntu bionic-updates/main amd64 libgssapi-krb5-2 amd64 1.16-2ubuntu0.1 [122 kB]
Get:19 http://archive.ubuntu.com/ubuntu bionic/main amd64 libpsl5 amd64 0.19.1-5build1 [41.8 kB]
Get:20 http://archive.ubuntu.com/ubuntu bionic-updates/main amd64 binutils-common amd64 2.30-21ubuntu1~18.04 [193 kB]
Get:21 http://archive.ubuntu.com/ubuntu bionic-updates/main amd64 libbinutils amd64 2.30-21ubuntu1~18.04 [502 kB]
Get:22 http://archive.ubuntu.com/ubuntu bionic-updates/main amd64 binutils-x86-64-linux-gnu amd64 2.30-21ubuntu1~18.04 [1855 kB]
Get:23 http://archive.ubuntu.com/ubuntu bionic-updates/main amd64 binutils amd64 2.30-21ubuntu1~18.04 [3392 B]
Get:24 http://archive.ubuntu.com/ubuntu bionic/main amd64 libc-dev-bin amd64 2.27-3ubuntu1 [71.8 kB]
Get:25 http://archive.ubuntu.com/ubuntu bionic-updates/main amd64 linux-libc-dev amd64 4.15.0-48.51 [1006 kB]
Get:26 http://archive.ubuntu.com/ubuntu bionic/main amd64 libc6-dev amd64 2.27-3ubuntu1 [2587 kB]
Get:27 http://archive.ubuntu.com/ubuntu bionic-updates/main amd64 gcc-7-base amd64 7.3.0-27ubuntu1~18.04 [18.9 kB]
Get:28 http://archive.ubuntu.com/ubuntu bionic/main amd64 libisl19 amd64 0.19-1 [551 kB]
Get:29 http://archive.ubuntu.com/ubuntu bionic/main amd64 libmpfr6 amd64 4.0.1-1 [243 kB]
Get:30 http://archive.ubuntu.com/ubuntu bionic/main amd64 libmpc3 amd64 1.1.0-1 [40.8 kB]
Get:31 http://archive.ubuntu.com/ubuntu bionic-updates/main amd64 cpp-7 amd64 7.3.0-27ubuntu1~18.04 [6738 kB]
Get:32 http://archive.ubuntu.com/ubuntu bionic-updates/main amd64 cpp amd64 4:7.3.0-3ubuntu2.1 [27.6 kB]
Get:33 http://archive.ubuntu.com/ubuntu bionic-updates/main amd64 libcc1-0 amd64 8.2.0-1ubuntu2~18.04 [39.5 kB]
Get:34 http://archive.ubuntu.com/ubuntu bionic-updates/main amd64 libgomp1 amd64 8.2.0-1ubuntu2~18.04 [76.4 kB]
Get:35 http://archive.ubuntu.com/ubuntu bionic-updates/main amd64 libitm1 amd64 8.2.0-1ubuntu2~18.04 [28.1 kB]
Get:36 http://archive.ubuntu.com/ubuntu bionic-updates/main amd64 libatomic1 amd64 8.2.0-1ubuntu2~18.04 [9064 B]
Get:37 http://archive.ubuntu.com/ubuntu bionic-updates/main amd64 libasan4 amd64 7.3.0-27ubuntu1~18.04 [358 kB]
Get:38 http://archive.ubuntu.com/ubuntu bionic-updates/main amd64 liblsan0 amd64 8.2.0-1ubuntu2~18.04 [132 kB]
Get:39 http://archive.ubuntu.com/ubuntu bionic-updates/main amd64 libtsan0 amd64 8.2.0-1ubuntu2~18.04 [288 kB]
Get:40 http://archive.ubuntu.com/ubuntu bionic-updates/main amd64 libubsan0 amd64 7.3.0-27ubuntu1~18.04 [126 kB]
Get:41 http://archive.ubuntu.com/ubuntu bionic-updates/main amd64 libcilkrts5 amd64 7.3.0-27ubuntu1~18.04 [42.5 kB]
Get:42 http://archive.ubuntu.com/ubuntu bionic-updates/main amd64 libmpx2 amd64 8.2.0-1ubuntu2~18.04 [11.7 kB]
Get:43 http://archive.ubuntu.com/ubuntu bionic-updates/main amd64 libquadmath0 amd64 8.2.0-1ubuntu2~18.04 [133 kB]
Get:44 http://archive.ubuntu.com/ubuntu bionic-updates/main amd64 libgcc-7-dev amd64 7.3.0-27ubuntu1~18.04 [2380 kB]
Get:45 http://archive.ubuntu.com/ubuntu bionic-updates/main amd64 gcc-7 amd64 7.3.0-27ubuntu1~18.04 [7455 kB]
Get:46 http://archive.ubuntu.com/ubuntu bionic-updates/main amd64 gcc amd64 4:7.3.0-3ubuntu2.1 [5184 B]
Get:47 http://archive.ubuntu.com/ubuntu bionic-updates/main amd64 libstdc++-7-dev amd64 7.3.0-27ubuntu1~18.04 [1463 kB]
Get:48 http://archive.ubuntu.com/ubuntu bionic-updates/main amd64 g++-7 amd64 7.3.0-27ubuntu1~18.04 [7570 kB]
Get:49 http://archive.ubuntu.com/ubuntu bionic-updates/main amd64 g++ amd64 4:7.3.0-3ubuntu2.1 [1572 B]
Get:50 http://archive.ubuntu.com/ubuntu bionic/main amd64 make amd64 4.1-9.1ubuntu1 [154 kB]
Get:51 http://archive.ubuntu.com/ubuntu bionic-updates/main amd64 libdpkg-perl all 1.19.0.5ubuntu2.1 [211 kB]
Get:52 http://archive.ubuntu.com/ubuntu bionic/main amd64 patch amd64 2.7.6-2ubuntu1 [102 kB]
Get:53 http://archive.ubuntu.com/ubuntu bionic-updates/main amd64 dpkg-dev all 1.19.0.5ubuntu2.1 [608 kB]
Get:54 http://archive.ubuntu.com/ubuntu bionic/main amd64 build-essential amd64 12.4ubuntu1 [4758 B]
Get:55 http://archive.ubuntu.com/ubuntu bionic/main amd64 libroken18-heimdal amd64 7.5.0+dfsg-1 [41.3 kB]
Get:56 http://archive.ubuntu.com/ubuntu bionic/main amd64 libasn1-8-heimdal amd64 7.5.0+dfsg-1 [175 kB]
Get:57 http://archive.ubuntu.com/ubuntu bionic/main amd64 libheimbase1-heimdal amd64 7.5.0+dfsg-1 [29.3 kB]
Get:58 http://archive.ubuntu.com/ubuntu bionic/main amd64 libhcrypto4-heimdal amd64 7.5.0+dfsg-1 [85.9 kB]
Get:59 http://archive.ubuntu.com/ubuntu bionic/main amd64 libwind0-heimdal amd64 7.5.0+dfsg-1 [47.8 kB]
Get:60 http://archive.ubuntu.com/ubuntu bionic/main amd64 libhx509-5-heimdal amd64 7.5.0+dfsg-1 [107 kB]
Get:61 http://archive.ubuntu.com/ubuntu bionic/main amd64 libkrb5-26-heimdal amd64 7.5.0+dfsg-1 [206 kB]
Get:62 http://archive.ubuntu.com/ubuntu bionic/main amd64 libheimntlm0-heimdal amd64 7.5.0+dfsg-1 [14.8 kB]
Get:63 http://archive.ubuntu.com/ubuntu bionic/main amd64 libgssapi3-heimdal amd64 7.5.0+dfsg-1 [96.5 kB]
Get:64 http://archive.ubuntu.com/ubuntu bionic/main amd64 libsasl2-modules-db amd64 2.1.27~101-g0780600+dfsg-3ubuntu2 [14.8 kB]
Get:65 http://archive.ubuntu.com/ubuntu bionic/main amd64 libsasl2-2 amd64 2.1.27~101-g0780600+dfsg-3ubuntu2 [49.2 kB]
Get:66 http://archive.ubuntu.com/ubuntu bionic-updates/main amd64 libldap-common all 2.4.45+dfsg-1ubuntu1.1 [16.6 kB]
Get:67 http://archive.ubuntu.com/ubuntu bionic-updates/main amd64 libldap-2.4-2 amd64 2.4.45+dfsg-1ubuntu1.1 [155 kB]
Get:68 http://archive.ubuntu.com/ubuntu bionic/main amd64 libnghttp2-14 amd64 1.30.0-1ubuntu1 [77.8 kB]
Get:69 http://archive.ubuntu.com/ubuntu bionic/main amd64 librtmp1 amd64 2.4+20151223.gitfa8646d.1-1 [54.2 kB]
Get:70 http://archive.ubuntu.com/ubuntu bionic-updates/main amd64 libcurl4 amd64 7.58.0-2ubuntu3.6 [214 kB]
Get:71 http://archive.ubuntu.com/ubuntu bionic-updates/main amd64 curl amd64 7.58.0-2ubuntu3.6 [159 kB]
Get:72 http://archive.ubuntu.com/ubuntu bionic/main amd64 libassuan0 amd64 2.5.1-2 [35.0 kB]
Get:73 http://archive.ubuntu.com/ubuntu bionic-updates/main amd64 gpgconf amd64 2.2.4-1ubuntu1.2 [123 kB]
Get:74 http://archive.ubuntu.com/ubuntu bionic/main amd64 libksba8 amd64 1.3.5-2 [92.6 kB]
Get:75 http://archive.ubuntu.com/ubuntu bionic/main amd64 libnpth0 amd64 1.5-3 [7668 B]
Get:76 http://archive.ubuntu.com/ubuntu bionic-updates/main amd64 dirmngr amd64 2.2.4-1ubuntu1.2 [316 kB]
Get:77 http://archive.ubuntu.com/ubuntu bionic-updates/main amd64 gnupg-l10n all 2.2.4-1ubuntu1.2 [49.6 kB]
Get:78 http://archive.ubuntu.com/ubuntu bionic-updates/main amd64 gnupg-utils amd64 2.2.4-1ubuntu1.2 [127 kB]
Get:79 http://archive.ubuntu.com/ubuntu bionic-updates/main amd64 gpg amd64 2.2.4-1ubuntu1.2 [467 kB]
Get:80 http://archive.ubuntu.com/ubuntu bionic/main amd64 pinentry-curses amd64 1.1.0-1 [35.8 kB]
Get:81 http://archive.ubuntu.com/ubuntu bionic-updates/main amd64 gpg-agent amd64 2.2.4-1ubuntu1.2 [227 kB]
Get:82 http://archive.ubuntu.com/ubuntu bionic-updates/main amd64 gpg-wks-client amd64 2.2.4-1ubuntu1.2 [91.9 kB]
Get:83 http://archive.ubuntu.com/ubuntu bionic-updates/main amd64 gpg-wks-server amd64 2.2.4-1ubuntu1.2 [84.9 kB]
Get:84 http://archive.ubuntu.com/ubuntu bionic-updates/main amd64 gpgsm amd64 2.2.4-1ubuntu1.2 [215 kB]
Get:85 http://archive.ubuntu.com/ubuntu bionic-updates/main amd64 gnupg amd64 2.2.4-1ubuntu1.2 [249 kB]
Get:86 http://archive.ubuntu.com/ubuntu bionic/universe amd64 libnorm1 amd64 1.5r6+dfsg1-6 [224 kB]
Get:87 http://archive.ubuntu.com/ubuntu bionic/universe amd64 libpgm-5.2-0 amd64 5.2.122~dfsg-2 [157 kB]
Get:88 http://archive.ubuntu.com/ubuntu bionic/main amd64 libsodium23 amd64 1.0.16-2 [143 kB]
Get:89 http://archive.ubuntu.com/ubuntu bionic-updates/universe amd64 libzmq5 amd64 4.2.5-1ubuntu0.1 [220 kB]
Get:90 http://archive.ubuntu.com/ubuntu bionic-updates/universe amd64 libzmq3-dev amd64 4.2.5-1ubuntu0.1 [398 kB]
Get:91 http://archive.ubuntu.com/ubuntu bionic/main amd64 pkg-config amd64 0.29.1-0ubuntu2 [45.0 kB]
debconf: delaying package configuration, since apt-utils is not installed
Fetched 50.7 MB in 1min 4s (794 kB/s)
Selecting previously unselected package perl-modules-5.26.
(Reading database ... 4040 files and directories currently installed.)
Preparing to unpack .../00-perl-modules-5.26_5.26.1-6ubuntu0.3_all.deb ...
Unpacking perl-modules-5.26 (5.26.1-6ubuntu0.3) ...
Selecting previously unselected package libgdbm5:amd64.
Preparing to unpack .../01-libgdbm5_1.14.1-6_amd64.deb ...
Unpacking libgdbm5:amd64 (1.14.1-6) ...
Selecting previously unselected package libgdbm-compat4:amd64.
Preparing to unpack .../02-libgdbm-compat4_1.14.1-6_amd64.deb ...
Unpacking libgdbm-compat4:amd64 (1.14.1-6) ...
Selecting previously unselected package libperl5.26:amd64.
Preparing to unpack .../03-libperl5.26_5.26.1-6ubuntu0.3_amd64.deb ...
Unpacking libperl5.26:amd64 (5.26.1-6ubuntu0.3) ...
Selecting previously unselected package perl.
Preparing to unpack .../04-perl_5.26.1-6ubuntu0.3_amd64.deb ...
Unpacking perl (5.26.1-6ubuntu0.3) ...
Selecting previously unselected package libssl1.1:amd64.
Preparing to unpack .../05-libssl1.1_1.1.0g-2ubuntu4.3_amd64.deb ...
Unpacking libssl1.1:amd64 (1.1.0g-2ubuntu4.3) ...
Selecting previously unselected package openssl.
Preparing to unpack .../06-openssl_1.1.0g-2ubuntu4.3_amd64.deb ...
Unpacking openssl (1.1.0g-2ubuntu4.3) ...
Selecting previously unselected package ca-certificates.
Preparing to unpack .../07-ca-certificates_20180409_all.deb ...
Unpacking ca-certificates (20180409) ...
Selecting previously unselected package libglib2.0-0:amd64.
Preparing to unpack .../08-libglib2.0-0_2.56.3-0ubuntu0.18.04.1_amd64.deb ...
Unpacking libglib2.0-0:amd64 (2.56.3-0ubuntu0.18.04.1) ...
Selecting previously unselected package readline-common.
Preparing to unpack .../09-readline-common_7.0-3_all.deb ...
Unpacking readline-common (7.0-3) ...
Selecting previously unselected package libreadline7:amd64.
Preparing to unpack .../10-libreadline7_7.0-3_amd64.deb ...
Unpacking libreadline7:amd64 (7.0-3) ...
Selecting previously unselected package libsqlite3-0:amd64.
Preparing to unpack .../11-libsqlite3-0_3.22.0-1_amd64.deb ...
Unpacking libsqlite3-0:amd64 (3.22.0-1) ...
Selecting previously unselected package xz-utils.
Preparing to unpack .../12-xz-utils_5.2.2-1.3_amd64.deb ...
Unpacking xz-utils (5.2.2-1.3) ...
Selecting previously unselected package libkrb5support0:amd64.
Preparing to unpack .../13-libkrb5support0_1.16-2ubuntu0.1_amd64.deb ...
Unpacking libkrb5support0:amd64 (1.16-2ubuntu0.1) ...
Selecting previously unselected package libk5crypto3:amd64.
Preparing to unpack .../14-libk5crypto3_1.16-2ubuntu0.1_amd64.deb ...
Unpacking libk5crypto3:amd64 (1.16-2ubuntu0.1) ...
Selecting previously unselected package libkeyutils1:amd64.
Preparing to unpack .../15-libkeyutils1_1.5.9-9.2ubuntu2_amd64.deb ...
Unpacking libkeyutils1:amd64 (1.5.9-9.2ubuntu2) ...
Selecting previously unselected package libkrb5-3:amd64.
Preparing to unpack .../16-libkrb5-3_1.16-2ubuntu0.1_amd64.deb ...
Unpacking libkrb5-3:amd64 (1.16-2ubuntu0.1) ...
Selecting previously unselected package libgssapi-krb5-2:amd64.
Preparing to unpack .../17-libgssapi-krb5-2_1.16-2ubuntu0.1_amd64.deb ...
Unpacking libgssapi-krb5-2:amd64 (1.16-2ubuntu0.1) ...
Selecting previously unselected package libpsl5:amd64.
Preparing to unpack .../18-libpsl5_0.19.1-5build1_amd64.deb ...
Unpacking libpsl5:amd64 (0.19.1-5build1) ...
Selecting previously unselected package binutils-common:amd64.
Preparing to unpack .../19-binutils-common_2.30-21ubuntu1~18.04_amd64.deb ...
Unpacking binutils-common:amd64 (2.30-21ubuntu1~18.04) ...
Selecting previously unselected package libbinutils:amd64.
Preparing to unpack .../20-libbinutils_2.30-21ubuntu1~18.04_amd64.deb ...
Unpacking libbinutils:amd64 (2.30-21ubuntu1~18.04) ...
Selecting previously unselected package binutils-x86-64-linux-gnu.
Preparing to unpack .../21-binutils-x86-64-linux-gnu_2.30-21ubuntu1~18.04_amd64.deb ...
Unpacking binutils-x86-64-linux-gnu (2.30-21ubuntu1~18.04) ...
Selecting previously unselected package binutils.
Preparing to unpack .../22-binutils_2.30-21ubuntu1~18.04_amd64.deb ...
Unpacking binutils (2.30-21ubuntu1~18.04) ...
Selecting previously unselected package libc-dev-bin.
Preparing to unpack .../23-libc-dev-bin_2.27-3ubuntu1_amd64.deb ...
Unpacking libc-dev-bin (2.27-3ubuntu1) ...
Selecting previously unselected package linux-libc-dev:amd64.
Preparing to unpack .../24-linux-libc-dev_4.15.0-48.51_amd64.deb ...
Unpacking linux-libc-dev:amd64 (4.15.0-48.51) ...
Selecting previously unselected package libc6-dev:amd64.
Preparing to unpack .../25-libc6-dev_2.27-3ubuntu1_amd64.deb ...
Unpacking libc6-dev:amd64 (2.27-3ubuntu1) ...
Selecting previously unselected package gcc-7-base:amd64.
Preparing to unpack .../26-gcc-7-base_7.3.0-27ubuntu1~18.04_amd64.deb ...
Unpacking gcc-7-base:amd64 (7.3.0-27ubuntu1~18.04) ...
Selecting previously unselected package libisl19:amd64.
Preparing to unpack .../27-libisl19_0.19-1_amd64.deb ...
Unpacking libisl19:amd64 (0.19-1) ...
Selecting previously unselected package libmpfr6:amd64.
Preparing to unpack .../28-libmpfr6_4.0.1-1_amd64.deb ...
Unpacking libmpfr6:amd64 (4.0.1-1) ...
Selecting previously unselected package libmpc3:amd64.
Preparing to unpack .../29-libmpc3_1.1.0-1_amd64.deb ...
Unpacking libmpc3:amd64 (1.1.0-1) ...
Selecting previously unselected package cpp-7.
Preparing to unpack .../30-cpp-7_7.3.0-27ubuntu1~18.04_amd64.deb ...
Unpacking cpp-7 (7.3.0-27ubuntu1~18.04) ...
Selecting previously unselected package cpp.
Preparing to unpack .../31-cpp_4%3a7.3.0-3ubuntu2.1_amd64.deb ...
Unpacking cpp (4:7.3.0-3ubuntu2.1) ...
Selecting previously unselected package libcc1-0:amd64.
Preparing to unpack .../32-libcc1-0_8.2.0-1ubuntu2~18.04_amd64.deb ...
Unpacking libcc1-0:amd64 (8.2.0-1ubuntu2~18.04) ...
Selecting previously unselected package libgomp1:amd64.
Preparing to unpack .../33-libgomp1_8.2.0-1ubuntu2~18.04_amd64.deb ...
Unpacking libgomp1:amd64 (8.2.0-1ubuntu2~18.04) ...
Selecting previously unselected package libitm1:amd64.
Preparing to unpack .../34-libitm1_8.2.0-1ubuntu2~18.04_amd64.deb ...
Unpacking libitm1:amd64 (8.2.0-1ubuntu2~18.04) ...
Selecting previously unselected package libatomic1:amd64.
Preparing to unpack .../35-libatomic1_8.2.0-1ubuntu2~18.04_amd64.deb ...
Unpacking libatomic1:amd64 (8.2.0-1ubuntu2~18.04) ...
Selecting previously unselected package libasan4:amd64.
Preparing to unpack .../36-libasan4_7.3.0-27ubuntu1~18.04_amd64.deb ...
Unpacking libasan4:amd64 (7.3.0-27ubuntu1~18.04) ...
Selecting previously unselected package liblsan0:amd64.
Preparing to unpack .../37-liblsan0_8.2.0-1ubuntu2~18.04_amd64.deb ...
Unpacking liblsan0:amd64 (8.2.0-1ubuntu2~18.04) ...
Selecting previously unselected package libtsan0:amd64.
Preparing to unpack .../38-libtsan0_8.2.0-1ubuntu2~18.04_amd64.deb ...
Unpacking libtsan0:amd64 (8.2.0-1ubuntu2~18.04) ...
Selecting previously unselected package libubsan0:amd64.
Preparing to unpack .../39-libubsan0_7.3.0-27ubuntu1~18.04_amd64.deb ...
Unpacking libubsan0:amd64 (7.3.0-27ubuntu1~18.04) ...
Selecting previously unselected package libcilkrts5:amd64.
Preparing to unpack .../40-libcilkrts5_7.3.0-27ubuntu1~18.04_amd64.deb ...
Unpacking libcilkrts5:amd64 (7.3.0-27ubuntu1~18.04) ...
Selecting previously unselected package libmpx2:amd64.
Preparing to unpack .../41-libmpx2_8.2.0-1ubuntu2~18.04_amd64.deb ...
Unpacking libmpx2:amd64 (8.2.0-1ubuntu2~18.04) ...
Selecting previously unselected package libquadmath0:amd64.
Preparing to unpack .../42-libquadmath0_8.2.0-1ubuntu2~18.04_amd64.deb ...
Unpacking libquadmath0:amd64 (8.2.0-1ubuntu2~18.04) ...
Selecting previously unselected package libgcc-7-dev:amd64.
Preparing to unpack .../43-libgcc-7-dev_7.3.0-27ubuntu1~18.04_amd64.deb ...
Unpacking libgcc-7-dev:amd64 (7.3.0-27ubuntu1~18.04) ...
Selecting previously unselected package gcc-7.
Preparing to unpack .../44-gcc-7_7.3.0-27ubuntu1~18.04_amd64.deb ...
Unpacking gcc-7 (7.3.0-27ubuntu1~18.04) ...
Selecting previously unselected package gcc.
Preparing to unpack .../45-gcc_4%3a7.3.0-3ubuntu2.1_amd64.deb ...
Unpacking gcc (4:7.3.0-3ubuntu2.1) ...
Selecting previously unselected package libstdc++-7-dev:amd64.
Preparing to unpack .../46-libstdc++-7-dev_7.3.0-27ubuntu1~18.04_amd64.deb ...
Unpacking libstdc++-7-dev:amd64 (7.3.0-27ubuntu1~18.04) ...
Selecting previously unselected package g++-7.
Preparing to unpack .../47-g++-7_7.3.0-27ubuntu1~18.04_amd64.deb ...
Unpacking g++-7 (7.3.0-27ubuntu1~18.04) ...
Selecting previously unselected package g++.
Preparing to unpack .../48-g++_4%3a7.3.0-3ubuntu2.1_amd64.deb ...
Unpacking g++ (4:7.3.0-3ubuntu2.1) ...
Selecting previously unselected package make.
Preparing to unpack .../49-make_4.1-9.1ubuntu1_amd64.deb ...
Unpacking make (4.1-9.1ubuntu1) ...
Selecting previously unselected package libdpkg-perl.
Preparing to unpack .../50-libdpkg-perl_1.19.0.5ubuntu2.1_all.deb ...
Unpacking libdpkg-perl (1.19.0.5ubuntu2.1) ...
Selecting previously unselected package patch.
Preparing to unpack .../51-patch_2.7.6-2ubuntu1_amd64.deb ...
Unpacking patch (2.7.6-2ubuntu1) ...
Selecting previously unselected package dpkg-dev.
Preparing to unpack .../52-dpkg-dev_1.19.0.5ubuntu2.1_all.deb ...
Unpacking dpkg-dev (1.19.0.5ubuntu2.1) ...
Selecting previously unselected package build-essential.
Preparing to unpack .../53-build-essential_12.4ubuntu1_amd64.deb ...
Unpacking build-essential (12.4ubuntu1) ...
Selecting previously unselected package libroken18-heimdal:amd64.
Preparing to unpack .../54-libroken18-heimdal_7.5.0+dfsg-1_amd64.deb ...
Unpacking libroken18-heimdal:amd64 (7.5.0+dfsg-1) ...
Selecting previously unselected package libasn1-8-heimdal:amd64.
Preparing to unpack .../55-libasn1-8-heimdal_7.5.0+dfsg-1_amd64.deb ...
Unpacking libasn1-8-heimdal:amd64 (7.5.0+dfsg-1) ...
Selecting previously unselected package libheimbase1-heimdal:amd64.
Preparing to unpack .../56-libheimbase1-heimdal_7.5.0+dfsg-1_amd64.deb ...
Unpacking libheimbase1-heimdal:amd64 (7.5.0+dfsg-1) ...
Selecting previously unselected package libhcrypto4-heimdal:amd64.
Preparing to unpack .../57-libhcrypto4-heimdal_7.5.0+dfsg-1_amd64.deb ...
Unpacking libhcrypto4-heimdal:amd64 (7.5.0+dfsg-1) ...
Selecting previously unselected package libwind0-heimdal:amd64.
Preparing to unpack .../58-libwind0-heimdal_7.5.0+dfsg-1_amd64.deb ...
Unpacking libwind0-heimdal:amd64 (7.5.0+dfsg-1) ...
Selecting previously unselected package libhx509-5-heimdal:amd64.
Preparing to unpack .../59-libhx509-5-heimdal_7.5.0+dfsg-1_amd64.deb ...
Unpacking libhx509-5-heimdal:amd64 (7.5.0+dfsg-1) ...
Selecting previously unselected package libkrb5-26-heimdal:amd64.
Preparing to unpack .../60-libkrb5-26-heimdal_7.5.0+dfsg-1_amd64.deb ...
Unpacking libkrb5-26-heimdal:amd64 (7.5.0+dfsg-1) ...
Selecting previously unselected package libheimntlm0-heimdal:amd64.
Preparing to unpack .../61-libheimntlm0-heimdal_7.5.0+dfsg-1_amd64.deb ...
Unpacking libheimntlm0-heimdal:amd64 (7.5.0+dfsg-1) ...
Selecting previously unselected package libgssapi3-heimdal:amd64.
Preparing to unpack .../62-libgssapi3-heimdal_7.5.0+dfsg-1_amd64.deb ...
Unpacking libgssapi3-heimdal:amd64 (7.5.0+dfsg-1) ...
Selecting previously unselected package libsasl2-modules-db:amd64.
Preparing to unpack .../63-libsasl2-modules-db_2.1.27~101-g0780600+dfsg-3ubuntu2_amd64.deb ...
Unpacking libsasl2-modules-db:amd64 (2.1.27~101-g0780600+dfsg-3ubuntu2) ...
Selecting previously unselected package libsasl2-2:amd64.
Preparing to unpack .../64-libsasl2-2_2.1.27~101-g0780600+dfsg-3ubuntu2_amd64.deb ...
Unpacking libsasl2-2:amd64 (2.1.27~101-g0780600+dfsg-3ubuntu2) ...
Selecting previously unselected package libldap-common.
Preparing to unpack .../65-libldap-common_2.4.45+dfsg-1ubuntu1.1_all.deb ...
Unpacking libldap-common (2.4.45+dfsg-1ubuntu1.1) ...
Selecting previously unselected package libldap-2.4-2:amd64.
Preparing to unpack .../66-libldap-2.4-2_2.4.45+dfsg-1ubuntu1.1_amd64.deb ...
Unpacking libldap-2.4-2:amd64 (2.4.45+dfsg-1ubuntu1.1) ...
Selecting previously unselected package libnghttp2-14:amd64.
Preparing to unpack .../67-libnghttp2-14_1.30.0-1ubuntu1_amd64.deb ...
Unpacking libnghttp2-14:amd64 (1.30.0-1ubuntu1) ...
Selecting previously unselected package librtmp1:amd64.
Preparing to unpack .../68-librtmp1_2.4+20151223.gitfa8646d.1-1_amd64.deb ...
Unpacking librtmp1:amd64 (2.4+20151223.gitfa8646d.1-1) ...
Selecting previously unselected package libcurl4:amd64.
Preparing to unpack .../69-libcurl4_7.58.0-2ubuntu3.6_amd64.deb ...
Unpacking libcurl4:amd64 (7.58.0-2ubuntu3.6) ...
Selecting previously unselected package curl.
Preparing to unpack .../70-curl_7.58.0-2ubuntu3.6_amd64.deb ...
Unpacking curl (7.58.0-2ubuntu3.6) ...
Selecting previously unselected package libassuan0:amd64.
Preparing to unpack .../71-libassuan0_2.5.1-2_amd64.deb ...
Unpacking libassuan0:amd64 (2.5.1-2) ...
Selecting previously unselected package gpgconf.
Preparing to unpack .../72-gpgconf_2.2.4-1ubuntu1.2_amd64.deb ...
Unpacking gpgconf (2.2.4-1ubuntu1.2) ...
Selecting previously unselected package libksba8:amd64.
Preparing to unpack .../73-libksba8_1.3.5-2_amd64.deb ...
Unpacking libksba8:amd64 (1.3.5-2) ...
Selecting previously unselected package libnpth0:amd64.
Preparing to unpack .../74-libnpth0_1.5-3_amd64.deb ...
Unpacking libnpth0:amd64 (1.5-3) ...
Selecting previously unselected package dirmngr.
Preparing to unpack .../75-dirmngr_2.2.4-1ubuntu1.2_amd64.deb ...
Unpacking dirmngr (2.2.4-1ubuntu1.2) ...
Selecting previously unselected package gnupg-l10n.
Preparing to unpack .../76-gnupg-l10n_2.2.4-1ubuntu1.2_all.deb ...
Unpacking gnupg-l10n (2.2.4-1ubuntu1.2) ...
Selecting previously unselected package gnupg-utils.
Preparing to unpack .../77-gnupg-utils_2.2.4-1ubuntu1.2_amd64.deb ...
Unpacking gnupg-utils (2.2.4-1ubuntu1.2) ...
Selecting previously unselected package gpg.
Preparing to unpack .../78-gpg_2.2.4-1ubuntu1.2_amd64.deb ...
Unpacking gpg (2.2.4-1ubuntu1.2) ...
Selecting previously unselected package pinentry-curses.
Preparing to unpack .../79-pinentry-curses_1.1.0-1_amd64.deb ...
Unpacking pinentry-curses (1.1.0-1) ...
Selecting previously unselected package gpg-agent.
Preparing to unpack .../80-gpg-agent_2.2.4-1ubuntu1.2_amd64.deb ...
Unpacking gpg-agent (2.2.4-1ubuntu1.2) ...
Selecting previously unselected package gpg-wks-client.
Preparing to unpack .../81-gpg-wks-client_2.2.4-1ubuntu1.2_amd64.deb ...
Unpacking gpg-wks-client (2.2.4-1ubuntu1.2) ...
Selecting previously unselected package gpg-wks-server.
Preparing to unpack .../82-gpg-wks-server_2.2.4-1ubuntu1.2_amd64.deb ...
Unpacking gpg-wks-server (2.2.4-1ubuntu1.2) ...
Selecting previously unselected package gpgsm.
Preparing to unpack .../83-gpgsm_2.2.4-1ubuntu1.2_amd64.deb ...
Unpacking gpgsm (2.2.4-1ubuntu1.2) ...
Selecting previously unselected package gnupg.
Preparing to unpack .../84-gnupg_2.2.4-1ubuntu1.2_amd64.deb ...
Unpacking gnupg (2.2.4-1ubuntu1.2) ...
Selecting previously unselected package libnorm1:amd64.
Preparing to unpack .../85-libnorm1_1.5r6+dfsg1-6_amd64.deb ...
Unpacking libnorm1:amd64 (1.5r6+dfsg1-6) ...
Selecting previously unselected package libpgm-5.2-0:amd64.
Preparing to unpack .../86-libpgm-5.2-0_5.2.122~dfsg-2_amd64.deb ...
Unpacking libpgm-5.2-0:amd64 (5.2.122~dfsg-2) ...
Selecting previously unselected package libsodium23:amd64.
Preparing to unpack .../87-libsodium23_1.0.16-2_amd64.deb ...
Unpacking libsodium23:amd64 (1.0.16-2) ...
Selecting previously unselected package libzmq5:amd64.
Preparing to unpack .../88-libzmq5_4.2.5-1ubuntu0.1_amd64.deb ...
Unpacking libzmq5:amd64 (4.2.5-1ubuntu0.1) ...
Selecting previously unselected package libzmq3-dev:amd64.
Preparing to unpack .../89-libzmq3-dev_4.2.5-1ubuntu0.1_amd64.deb ...
Unpacking libzmq3-dev:amd64 (4.2.5-1ubuntu0.1) ...
Selecting previously unselected package pkg-config.
Preparing to unpack .../90-pkg-config_0.29.1-0ubuntu2_amd64.deb ...
Unpacking pkg-config (0.29.1-0ubuntu2) ...
Setting up libquadmath0:amd64 (8.2.0-1ubuntu2~18.04) ...
Setting up libnpth0:amd64 (1.5-3) ...
Setting up libgomp1:amd64 (8.2.0-1ubuntu2~18.04) ...
Setting up libpgm-5.2-0:amd64 (5.2.122~dfsg-2) ...
Setting up libatomic1:amd64 (8.2.0-1ubuntu2~18.04) ...
Setting up readline-common (7.0-3) ...
Setting up libcc1-0:amd64 (8.2.0-1ubuntu2~18.04) ...
Setting up make (4.1-9.1ubuntu1) ...
Setting up libnghttp2-14:amd64 (1.30.0-1ubuntu1) ...
Setting up libldap-common (2.4.45+dfsg-1ubuntu1.1) ...
Setting up libreadline7:amd64 (7.0-3) ...
Setting up libpsl5:amd64 (0.19.1-5build1) ...
Setting up libtsan0:amd64 (8.2.0-1ubuntu2~18.04) ...
Setting up libglib2.0-0:amd64 (2.56.3-0ubuntu0.18.04.1) ...
No schema files found: doing nothing.
Setting up libsasl2-modules-db:amd64 (2.1.27~101-g0780600+dfsg-3ubuntu2) ...
Setting up linux-libc-dev:amd64 (4.15.0-48.51) ...
Setting up libmpfr6:amd64 (4.0.1-1) ...
Setting up libsasl2-2:amd64 (2.1.27~101-g0780600+dfsg-3ubuntu2) ...
Setting up libroken18-heimdal:amd64 (7.5.0+dfsg-1) ...
Setting up libksba8:amd64 (1.3.5-2) ...
Setting up librtmp1:amd64 (2.4+20151223.gitfa8646d.1-1) ...
Setting up perl-modules-5.26 (5.26.1-6ubuntu0.3) ...
Setting up libgdbm5:amd64 (1.14.1-6) ...
Setting up libkrb5support0:amd64 (1.16-2ubuntu0.1) ...
Setting up gnupg-l10n (2.2.4-1ubuntu1.2) ...
Setting up liblsan0:amd64 (8.2.0-1ubuntu2~18.04) ...
Setting up libnorm1:amd64 (1.5r6+dfsg1-6) ...
Setting up gcc-7-base:amd64 (7.3.0-27ubuntu1~18.04) ...
Setting up binutils-common:amd64 (2.30-21ubuntu1~18.04) ...
Setting up libsodium23:amd64 (1.0.16-2) ...
Setting up libmpx2:amd64 (8.2.0-1ubuntu2~18.04) ...
Setting up patch (2.7.6-2ubuntu1) ...
Processing triggers for libc-bin (2.27-3ubuntu1) ...
Setting up libssl1.1:amd64 (1.1.0g-2ubuntu4.3) ...
debconf: unable to initialize frontend: Dialog
debconf: (TERM is not set, so the dialog frontend is not usable.)
debconf: falling back to frontend: Readline
Setting up xz-utils (5.2.2-1.3) ...
update-alternatives: using /usr/bin/xz to provide /usr/bin/lzma (lzma) in auto mode
update-alternatives: warning: skip creation of /usr/share/man/man1/lzma.1.gz because associated file /usr/share/man/man1/xz.1.gz (of link group lzma) doesn't exist
update-alternatives: warning: skip creation of /usr/share/man/man1/unlzma.1.gz because associated file /usr/share/man/man1/unxz.1.gz (of link group lzma) doesn't exist
update-alternatives: warning: skip creation of /usr/share/man/man1/lzcat.1.gz because associated file /usr/share/man/man1/xzcat.1.gz (of link group lzma) doesn't exist
update-alternatives: warning: skip creation of /usr/share/man/man1/lzmore.1.gz because associated file /usr/share/man/man1/xzmore.1.gz (of link group lzma) doesn't exist
update-alternatives: warning: skip creation of /usr/share/man/man1/lzless.1.gz because associated file /usr/share/man/man1/xzless.1.gz (of link group lzma) doesn't exist
update-alternatives: warning: skip creation of /usr/share/man/man1/lzdiff.1.gz because associated file /usr/share/man/man1/xzdiff.1.gz (of link group lzma) doesn't exist
update-alternatives: warning: skip creation of /usr/share/man/man1/lzcmp.1.gz because associated file /usr/share/man/man1/xzcmp.1.gz (of link group lzma) doesn't exist
update-alternatives: warning: skip creation of /usr/share/man/man1/lzgrep.1.gz because associated file /usr/share/man/man1/xzgrep.1.gz (of link group lzma) doesn't exist
update-alternatives: warning: skip creation of /usr/share/man/man1/lzegrep.1.gz because associated file /usr/share/man/man1/xzegrep.1.gz (of link group lzma) doesn't exist
update-alternatives: warning: skip creation of /usr/share/man/man1/lzfgrep.1.gz because associated file /usr/share/man/man1/xzfgrep.1.gz (of link group lzma) doesn't exist
Setting up libheimbase1-heimdal:amd64 (7.5.0+dfsg-1) ...
Setting up openssl (1.1.0g-2ubuntu4.3) ...
Setting up libsqlite3-0:amd64 (3.22.0-1) ...
Setting up libmpc3:amd64 (1.1.0-1) ...
Setting up libc-dev-bin (2.27-3ubuntu1) ...
Setting up libgdbm-compat4:amd64 (1.14.1-6) ...
Setting up libkeyutils1:amd64 (1.5.9-9.2ubuntu2) ...
Setting up ca-certificates (20180409) ...
debconf: unable to initialize frontend: Dialog
debconf: (TERM is not set, so the dialog frontend is not usable.)
debconf: falling back to frontend: Readline
Updating certificates in /etc/ssl/certs...
133 added, 0 removed; done.
Setting up libc6-dev:amd64 (2.27-3ubuntu1) ...
Setting up libassuan0:amd64 (2.5.1-2) ...
Setting up libitm1:amd64 (8.2.0-1ubuntu2~18.04) ...
Setting up libisl19:amd64 (0.19-1) ...
Setting up libk5crypto3:amd64 (1.16-2ubuntu0.1) ...
Setting up libzmq5:amd64 (4.2.5-1ubuntu0.1) ...
Setting up libwind0-heimdal:amd64 (7.5.0+dfsg-1) ...
Setting up libasan4:amd64 (7.3.0-27ubuntu1~18.04) ...
Setting up libbinutils:amd64 (2.30-21ubuntu1~18.04) ...
Setting up libcilkrts5:amd64 (7.3.0-27ubuntu1~18.04) ...
Setting up libasn1-8-heimdal:amd64 (7.5.0+dfsg-1) ...
Setting up libubsan0:amd64 (7.3.0-27ubuntu1~18.04) ...
Setting up gpgconf (2.2.4-1ubuntu1.2) ...
Setting up libhcrypto4-heimdal:amd64 (7.5.0+dfsg-1) ...
Setting up libzmq3-dev:amd64 (4.2.5-1ubuntu0.1) ...
Setting up libhx509-5-heimdal:amd64 (7.5.0+dfsg-1) ...
Setting up libgcc-7-dev:amd64 (7.3.0-27ubuntu1~18.04) ...
Setting up cpp-7 (7.3.0-27ubuntu1~18.04) ...
Setting up libstdc++-7-dev:amd64 (7.3.0-27ubuntu1~18.04) ...
Setting up libperl5.26:amd64 (5.26.1-6ubuntu0.3) ...
Setting up gpgsm (2.2.4-1ubuntu1.2) ...
Setting up gnupg-utils (2.2.4-1ubuntu1.2) ...
Setting up pinentry-curses (1.1.0-1) ...
Setting up libkrb5-3:amd64 (1.16-2ubuntu0.1) ...
Setting up libkrb5-26-heimdal:amd64 (7.5.0+dfsg-1) ...
Setting up libheimntlm0-heimdal:amd64 (7.5.0+dfsg-1) ...
Setting up gpg (2.2.4-1ubuntu1.2) ...
Setting up binutils-x86-64-linux-gnu (2.30-21ubuntu1~18.04) ...
Setting up cpp (4:7.3.0-3ubuntu2.1) ...
Setting up gpg-agent (2.2.4-1ubuntu1.2) ...
Setting up gpg-wks-server (2.2.4-1ubuntu1.2) ...
Setting up libgssapi-krb5-2:amd64 (1.16-2ubuntu0.1) ...
Setting up perl (5.26.1-6ubuntu0.3) ...
Setting up binutils (2.30-21ubuntu1~18.04) ...
Setting up libgssapi3-heimdal:amd64 (7.5.0+dfsg-1) ...
Setting up gcc-7 (7.3.0-27ubuntu1~18.04) ...
Setting up g++-7 (7.3.0-27ubuntu1~18.04) ...
Setting up libdpkg-perl (1.19.0.5ubuntu2.1) ...
Setting up gcc (4:7.3.0-3ubuntu2.1) ...
Setting up dpkg-dev (1.19.0.5ubuntu2.1) ...
Setting up libldap-2.4-2:amd64 (2.4.45+dfsg-1ubuntu1.1) ...
Setting up g++ (4:7.3.0-3ubuntu2.1) ...
update-alternatives: using /usr/bin/g++ to provide /usr/bin/c++ (c++) in auto mode
update-alternatives: warning: skip creation of /usr/share/man/man1/c++.1.gz because associated file /usr/share/man/man1/g++.1.gz (of link group c++) doesn't exist
Setting up dirmngr (2.2.4-1ubuntu1.2) ...
Setting up build-essential (12.4ubuntu1) ...
Setting up libcurl4:amd64 (7.58.0-2ubuntu3.6) ...
Setting up gpg-wks-client (2.2.4-1ubuntu1.2) ...
Setting up pkg-config (0.29.1-0ubuntu2) ...
Setting up curl (7.58.0-2ubuntu3.6) ...
Setting up gnupg (2.2.4-1ubuntu1.2) ...
Processing triggers for libc-bin (2.27-3ubuntu1) ...
Processing triggers for ca-certificates (20180409) ...
Updating certificates in /etc/ssl/certs...
0 added, 0 removed; done.
Running hooks in /etc/ca-certificates/update.d...
done.

## Installing the NodeSource Node.js 8.x LTS Carbon repo...


## Populating apt-get cache...

+ apt-get update
Hit:1 http://archive.ubuntu.com/ubuntu bionic InRelease
Hit:2 http://security.ubuntu.com/ubuntu bionic-security InRelease
Hit:3 http://archive.ubuntu.com/ubuntu bionic-updates InRelease
Hit:4 http://archive.ubuntu.com/ubuntu bionic-backports InRelease
Reading package lists...

## Installing packages required for setup: lsb-release...

+ apt-get install -y lsb-release > /dev/null 2>&1

## Confirming "bionic" is supported...

+ curl -sLf -o /dev/null 'https://deb.nodesource.com/node_8.x/dists/bionic/Release'

## Adding the NodeSource signing key to your keyring...

+ curl -s https://deb.nodesource.com/gpgkey/nodesource.gpg.key | apt-key add -
Warning: apt-key output should not be parsed (stdout is not a terminal)
OK

## Creating apt sources list file for the NodeSource Node.js 8.x LTS Carbon repo...

+ echo 'deb https://deb.nodesource.com/node_8.x bionic main' > /etc/apt/sources.list.d/nodesource.list
+ echo 'deb-src https://deb.nodesource.com/node_8.x bionic main' >> /etc/apt/sources.list.d/nodesource.list

## Running `apt-get update` for you...

+ apt-get update
Get:1 https://deb.nodesource.com/node_8.x bionic InRelease [4595 B]
Hit:2 http://archive.ubuntu.com/ubuntu bionic InRelease
Get:3 https://deb.nodesource.com/node_8.x bionic/main amd64 Packages [765 B]
Hit:4 http://security.ubuntu.com/ubuntu bionic-security InRelease
Hit:5 http://archive.ubuntu.com/ubuntu bionic-updates InRelease
Hit:6 http://archive.ubuntu.com/ubuntu bionic-backports InRelease
Fetched 5360 B in 1s (4110 B/s)
Reading package lists...

## Run `sudo apt-get install -y nodejs` to install Node.js 8.x LTS Carbon and npm
## You may also need development tools to build native addons:
     sudo apt-get install gcc g++ make
## To install the Yarn package manager, run:
     curl -sL https://dl.yarnpkg.com/debian/pubkey.gpg | sudo apt-key add -
     echo "deb https://dl.yarnpkg.com/debian/ stable main" | sudo tee /etc/apt/sources.list.d/yarn.list
     sudo apt-get update && sudo apt-get install yarn


Reading package lists...
Building dependency tree...
Reading state information...
The following additional packages will be installed:
  libpython-stdlib libpython2.7-minimal libpython2.7-stdlib python
  python-minimal python2.7 python2.7-minimal
Suggested packages:
  python-doc python-tk python2.7-doc binfmt-support
The following NEW packages will be installed:
  libpython-stdlib libpython2.7-minimal libpython2.7-stdlib nodejs python
  python-minimal python2.7 python2.7-minimal
0 upgraded, 8 newly installed, 0 to remove and 2 not upgraded.
Need to get 17.5 MB of archives.
After this operation, 81.2 MB of additional disk space will be used.
Get:1 https://deb.nodesource.com/node_8.x bionic/main amd64 nodejs amd64 8.16.0-1nodesource1 [13.6 MB]
Get:2 http://archive.ubuntu.com/ubuntu bionic-updates/main amd64 libpython2.7-minimal amd64 2.7.15~rc1-1ubuntu0.1 [334 kB]
Get:3 http://archive.ubuntu.com/ubuntu bionic-updates/main amd64 python2.7-minimal amd64 2.7.15~rc1-1ubuntu0.1 [1304 kB]
Get:4 http://archive.ubuntu.com/ubuntu bionic/main amd64 python-minimal amd64 2.7.15~rc1-1 [28.1 kB]
Get:5 http://archive.ubuntu.com/ubuntu bionic-updates/main amd64 libpython2.7-stdlib amd64 2.7.15~rc1-1ubuntu0.1 [1912 kB]
Get:6 http://archive.ubuntu.com/ubuntu bionic-updates/main amd64 python2.7 amd64 2.7.15~rc1-1ubuntu0.1 [238 kB]
Get:7 http://archive.ubuntu.com/ubuntu bionic/main amd64 libpython-stdlib amd64 2.7.15~rc1-1 [7620 B]
Get:8 http://archive.ubuntu.com/ubuntu bionic/main amd64 python amd64 2.7.15~rc1-1 [140 kB]
debconf: delaying package configuration, since apt-utils is not installed
Fetched 17.5 MB in 22s (813 kB/s)
Selecting previously unselected package libpython2.7-minimal:amd64.
(Reading database ... 10881 files and directories currently installed.)
Preparing to unpack .../0-libpython2.7-minimal_2.7.15~rc1-1ubuntu0.1_amd64.deb ...
Unpacking libpython2.7-minimal:amd64 (2.7.15~rc1-1ubuntu0.1) ...
Selecting previously unselected package python2.7-minimal.
Preparing to unpack .../1-python2.7-minimal_2.7.15~rc1-1ubuntu0.1_amd64.deb ...
Unpacking python2.7-minimal (2.7.15~rc1-1ubuntu0.1) ...
Selecting previously unselected package python-minimal.
Preparing to unpack .../2-python-minimal_2.7.15~rc1-1_amd64.deb ...
Unpacking python-minimal (2.7.15~rc1-1) ...
Selecting previously unselected package libpython2.7-stdlib:amd64.
Preparing to unpack .../3-libpython2.7-stdlib_2.7.15~rc1-1ubuntu0.1_amd64.deb ...
Unpacking libpython2.7-stdlib:amd64 (2.7.15~rc1-1ubuntu0.1) ...
Selecting previously unselected package python2.7.
Preparing to unpack .../4-python2.7_2.7.15~rc1-1ubuntu0.1_amd64.deb ...
Unpacking python2.7 (2.7.15~rc1-1ubuntu0.1) ...
Selecting previously unselected package libpython-stdlib:amd64.
Preparing to unpack .../5-libpython-stdlib_2.7.15~rc1-1_amd64.deb ...
Unpacking libpython-stdlib:amd64 (2.7.15~rc1-1) ...
Setting up libpython2.7-minimal:amd64 (2.7.15~rc1-1ubuntu0.1) ...
Setting up python2.7-minimal (2.7.15~rc1-1ubuntu0.1) ...
Linking and byte-compiling packages for runtime python2.7...
Setting up python-minimal (2.7.15~rc1-1) ...
Selecting previously unselected package python.
(Reading database ... 11629 files and directories currently installed.)
Preparing to unpack .../python_2.7.15~rc1-1_amd64.deb ...
Unpacking python (2.7.15~rc1-1) ...
Selecting previously unselected package nodejs.
Preparing to unpack .../nodejs_8.16.0-1nodesource1_amd64.deb ...
Unpacking nodejs (8.16.0-1nodesource1) ...
Processing triggers for mime-support (3.60ubuntu1) ...
Setting up nodejs (8.16.0-1nodesource1) ...
Setting up libpython2.7-stdlib:amd64 (2.7.15~rc1-1ubuntu0.1) ...
Setting up python2.7 (2.7.15~rc1-1ubuntu0.1) ...
Setting up libpython-stdlib:amd64 (2.7.15~rc1-1) ...
Setting up python (2.7.15~rc1-1) ...
/usr/bin/prebuild-install -> /usr/lib/node_modules/prebuild-install/bin.js
+ prebuild-install@5.3.0
added 62 packages from 37 contributors in 7.3s
Removing intermediate container 87d12c5ac2a7
 ---> 05a63e413cb2
Step 4/8 : WORKDIR /sawtooth-supply-chain/ledger_sync
 ---> Running in 1edeb77868aa
Removing intermediate container 1edeb77868aa
 ---> 4e5fa1027704
Step 5/8 : RUN  if [ ! -z $HTTP_PROXY ] && [ -z $http_proxy ]; then   http_proxy=$HTTP_PROXY;  fi;  if [ ! -z $HTTPS_PROXY ] && [ -z $https_proxy ]; then   https_proxy=$HTTPS_PROXY;  fi;  if [ ! -z $http_proxy ]; then   npm config set proxy $http_proxy;  fi;  if [ ! -z $https_proxy ]; then   npm config set https-proxy $https_proxy;  fi
 ---> Running in 854a3c60287d
Removing intermediate container 854a3c60287d
 ---> acd5c3e385b3
Step 6/8 : COPY ledger_sync/package.json .
 ---> 9ed5743220d5
Step 7/8 : RUN npm install
 ---> Running in 9425de003429
npm WARN deprecated circular-json@0.3.3: CircularJSON is in maintenance only, flatted is its successor.

> secp256k1@3.6.2 install /sawtooth-supply-chain/ledger_sync/node_modules/secp256k1
> npm run rebuild || echo "Secp256k1 bindings compilation fail. Pure JS implementation will be used."


> secp256k1@3.6.2 rebuild /sawtooth-supply-chain/ledger_sync/node_modules/secp256k1
> node-gyp rebuild

make: Entering directory '/sawtooth-supply-chain/ledger_sync/node_modules/secp256k1/build'
  CXX(target) Release/obj.target/secp256k1/src/addon.o
  CXX(target) Release/obj.target/secp256k1/src/privatekey.o
../src/privatekey.cc: In function 'Nan::NAN_METHOD_RETURN_TYPE privateKeyNegate(Nan::NAN_METHOD_ARGS_TYPE)':
../src/privatekey.cc:73:30: warning: ignoring return value of 'int secp256k1_ec_privkey_negate(const secp256k1_context*, unsigned char*)', declared with attribute warn_unused_result [-Wunused-result]
   secp256k1_ec_privkey_negate(secp256k1ctx, &private_key[0]);
   ~~~~~~~~~~~~~~~~~~~~~~~~~~~^~~~~~~~~~~~~~~~~~~~~~~~~~~~~~~
  CXX(target) Release/obj.target/secp256k1/src/publickey.o
  CXX(target) Release/obj.target/secp256k1/src/signature.o
  CXX(target) Release/obj.target/secp256k1/src/ecdsa.o
  CXX(target) Release/obj.target/secp256k1/src/ecdh.o
  CC(target) Release/obj.target/secp256k1/src/secp256k1-src/src/secp256k1.o
  CC(target) Release/obj.target/secp256k1/src/secp256k1-src/contrib/lax_der_parsing.o
  CC(target) Release/obj.target/secp256k1/src/secp256k1-src/contrib/lax_der_privatekey_parsing.o
  SOLINK_MODULE(target) Release/obj.target/secp256k1.node
  COPY Release/secp256k1.node
make: Leaving directory '/sawtooth-supply-chain/ledger_sync/node_modules/secp256k1/build'

> zeromq@4.6.0 install /sawtooth-supply-chain/ledger_sync/node_modules/zeromq
> node scripts/prebuild-install.js || (node scripts/preinstall.js && node-gyp rebuild)




> protobufjs@6.8.8 postinstall /sawtooth-supply-chain/ledger_sync/node_modules/protobufjs
> node scripts/postinstall


> nodemon@1.18.11 postinstall /sawtooth-supply-chain/ledger_sync/node_modules/nodemon
> node bin/postinstall || exit 0

Love nodemon? You can now support the project via the open collective:
 > https://opencollective.com/nodemon/donate

npm notice created a lockfile as package-lock.json. You should commit this file.
npm WARN optional SKIPPING OPTIONAL DEPENDENCY: fsevents@1.2.8 (node_modules/fsevents):
npm WARN notsup SKIPPING OPTIONAL DEPENDENCY: Unsupported platform for fsevents@1.2.8: wanted {"os":"darwin","arch":"any"} (current: {"os":"linux","arch":"x64"})

added 499 packages from 374 contributors and audited 3026 packages in 50.614s
found 0 vulnerabilities

Removing intermediate container 9425de003429
 ---> 22957a31a6b3
Step 8/8 : CMD ["/usr/bin/node", "index.js"]
 ---> Running in e7a1546a6a32
Removing intermediate container e7a1546a6a32
 ---> 7772de0d278c
Successfully built 7772de0d278c
Successfully tagged supply-ledger-sync:latest
WARNING: Image for service ledger-sync was built because it did not already exist. To rebuild this image you must use `docker-compose build` or `docker-compose up --build`.
Pulling settings-tp (hyperledger/sawtooth-settings-tp:1.0)...
1.0: Pulling from hyperledger/sawtooth-settings-tp
8ee29e426c26: Already exists
6e83b260b73b: Already exists
e26b65fd1143: Already exists
40dca07f8222: Already exists
b420ae9e10b3: Already exists
11303201d922: Pull complete
Digest: sha256:2f7fc7d3234ec0189d313360b2e58617e83c81365896c8ae562d220c3c15232e
Status: Downloaded newer image for hyperledger/sawtooth-settings-tp:1.0
Pulling rest-api (hyperledger/sawtooth-rest-api:1.0)...
1.0: Pulling from hyperledger/sawtooth-rest-api
8ee29e426c26: Already exists
6e83b260b73b: Already exists
e26b65fd1143: Already exists
40dca07f8222: Already exists
b420ae9e10b3: Already exists
14842ff3cacc: Pull complete
Digest: sha256:f9f08d22dc401610e3a5d9e03a1a9e29049af96557bc138923a7dd9109cdd974
Status: Downloaded newer image for hyperledger/sawtooth-rest-api:1.0
Building shell
Step 1/11 : FROM hyperledger/sawtooth-shell:nightly
nightly: Pulling from hyperledger/sawtooth-shell
f476d66f5408: Already exists
8882c27f669e: Already exists
d9af21273955: Already exists
f5029279ec12: Already exists
15d296238193: Pull complete
42311f40d5e5: Pull complete
Digest: sha256:ef335087e2f8bd744de66f0b42b7d511d36f43f58ef78f69e07cdf030ec46e0f
Status: Downloaded newer image for hyperledger/sawtooth-shell:nightly
 ---> 13a945322198
Step 2/11 : RUN echo "deb http://repo.sawtooth.me/ubuntu/1.0/stable bionic universe" >> /etc/apt/sources.list   && (apt-key adv --keyserver hkp://keyserver.ubuntu.com:80 --recv-keys 44FC67F19B2466EA   || apt-key adv --keyserver hkp://p80.pool.sks-keyservers.net:80 --recv-keys 44FC67F19B2466EA)   && apt-get update   && apt-get install -y -q     apt-transport-https     build-essential     ca-certificates     curl     libzmq3-dev     pkg-config     python3     python3-colorlog     python3-dev     python3-grpcio-tools     python3-grpcio     python3-nose2     python3-pip     python3-protobuf     python3-pytest-runner     python3-pytest     python3-sawtooth-sdk     python3-sawtooth-signing     python3-setuptools-scm     python3-yaml     software-properties-common   && curl -s -S -o /tmp/setup-node.sh https://deb.nodesource.com/setup_8.x   && chmod 755 /tmp/setup-node.sh   && /tmp/setup-node.sh   && apt-get install nodejs -y -q   && rm /tmp/setup-node.sh   && apt-get clean   && rm -rf /var/lib/apt/lists/*   && npm install -g prebuild-install
 ---> Running in 9120018805d1
Warning: apt-key output should not be parsed (stdout is not a terminal)
Executing: /tmp/apt-key-gpghome.bY9qOJgyva/gpg.1.sh --keyserver hkp://keyserver.ubuntu.com:80 --recv-keys 44FC67F19B2466EA
gpg: key 44FC67F19B2466EA: "Hyperledger Sawtooth Nightly Signing Key <distributedledger@intel.com>" not changed
gpg: Total number processed: 1
gpg:              unchanged: 1
Get:1 http://security.ubuntu.com/ubuntu bionic-security InRelease [88.7 kB]
Get:2 http://archive.ubuntu.com/ubuntu bionic InRelease [242 kB]
Get:3 http://repo.sawtooth.me/ubuntu/nightly bionic InRelease [2462 B]
Ign:4 http://repo.sawtooth.me/ubuntu/1.0/stable bionic InRelease
Ign:5 http://repo.sawtooth.me/ubuntu/nightly bionic/universe amd64 Packages
Get:6 http://security.ubuntu.com/ubuntu bionic-security/restricted amd64 Packages [5436 B]
Err:7 http://repo.sawtooth.me/ubuntu/1.0/stable bionic Release
  404  Not Found [IP: 13.33.142.129 80]
Get:8 http://security.ubuntu.com/ubuntu bionic-security/main amd64 Packages [416 kB]
Get:9 http://archive.ubuntu.com/ubuntu bionic-updates InRelease [88.7 kB]
Get:5 http://repo.sawtooth.me/ubuntu/nightly bionic/universe amd64 Packages [175 kB]
Get:10 http://security.ubuntu.com/ubuntu bionic-security/universe amd64 Packages [304 kB]
Get:11 http://security.ubuntu.com/ubuntu bionic-security/multiverse amd64 Packages [4171 B]
Get:12 http://archive.ubuntu.com/ubuntu bionic-backports InRelease [74.6 kB]
Get:13 http://archive.ubuntu.com/ubuntu bionic/restricted amd64 Packages [13.5 kB]
Get:14 http://archive.ubuntu.com/ubuntu bionic/universe amd64 Packages [11.3 MB]
Get:15 http://archive.ubuntu.com/ubuntu bionic/main amd64 Packages [1344 kB]
Get:16 http://archive.ubuntu.com/ubuntu bionic/multiverse amd64 Packages [186 kB]
Get:17 http://archive.ubuntu.com/ubuntu bionic-updates/universe amd64 Packages [1106 kB]
Get:18 http://archive.ubuntu.com/ubuntu bionic-updates/main amd64 Packages [774 kB]
Get:19 http://archive.ubuntu.com/ubuntu bionic-updates/restricted amd64 Packages [10.8 kB]
Get:20 http://archive.ubuntu.com/ubuntu bionic-updates/multiverse amd64 Packages [7238 B]
Get:21 http://archive.ubuntu.com/ubuntu bionic-backports/main amd64 Packages [942 B]
Get:22 http://archive.ubuntu.com/ubuntu bionic-backports/universe amd64 Packages [3652 B]
Reading package lists...
E: The repository 'http://repo.sawtooth.me/ubuntu/1.0/stable bionic Release' does not have a Release file.
ERROR: Service 'shell' failed to build: The command '/bin/sh -c echo "deb http://repo.sawtooth.me/ubuntu/1.0/stable bionic universe" >> /etc/apt/sources.list   && (apt-key adv --keyserver hkp://keyserver.ubuntu.com:80 --recv-keys 44FC67F19B2466EA   || apt-key adv --keyserver hkp://p80.pool.sks-keyservers.net:80 --recv-keys 44FC67F19B2466EA)   && apt-get update   && apt-get install -y -q     apt-transport-https     build-essential     ca-certificates     curl     libzmq3-dev     pkg-config     python3     python3-colorlog     python3-dev     python3-grpcio-tools     python3-grpcio     python3-nose2     python3-pip     python3-protobuf     python3-pytest-runner     python3-pytest     python3-sawtooth-sdk     python3-sawtooth-signing     python3-setuptools-scm     python3-yaml     software-properties-common   && curl -s -S -o /tmp/setup-node.sh https://deb.nodesource.com/setup_8.x   && chmod 755 /tmp/setup-node.sh   && /tmp/setup-node.sh   && apt-get install nodejs -y -q   && rm /tmp/setup-node.sh   && apt-get clean   && rm -rf /var/lib/apt/lists/*   && npm install -g prebuild-install' returned a non-zero code: 100
root@VR-HP-Pavilion-g6-NB-PC:/home/okeydokey/sawtooth-supply-chain# 

