[hlbcadmin@kopernik src]$ kubectl get pods
NAME                                    READY     STATUS      RESTARTS   AGE
blockchain-ca-67b6999494-xkdw2          1/1       Running     0          1d
blockchain-orderer-cd54fccbc-5lfsh      2/2       Running     0          1d
blockchain-org1peer1-5447877694-8nkpr   1/1       Running     1          1d
blockchain-org2peer1-966644b6d-7k696    1/1       Running     0          1d
busybox                                 1/1       Running     49         5d
joinchannel                             0/1       Error       0          1d
utils                                   0/3       Completed   0          1d
[hlbcadmin@kopernik src]$ kubectl get services
NAME                   TYPE        CLUSTER-IP       EXTERNAL-IP   PORT(S)                           AGE
blockchain-ca          NodePort    10.110.170.119   <none>        30054:30054/TCP                   1d
blockchain-orderer     NodePort    10.103.127.77    <none>        31010:31010/TCP                   1d
blockchain-org1peer1   NodePort    10.103.45.80     <none>        30110:30110/TCP,30111:30111/TCP   1d
blockchain-org2peer1   NodePort    10.96.227.46     <none>        30210:30210/TCP,30211:30211/TCP   1d
kubernetes             ClusterIP   10.96.0.1        <none>        443/TCP                           5d
[hlbcadmin@kopernik src]$ kubectl get deployments
NAME                   DESIRED   CURRENT   UP-TO-DATE   AVAILABLE   AGE
blockchain-ca          1         1         1            1           1d
blockchain-orderer     1         1         1            1           1d
blockchain-org1peer1   1         1         1            1           1d
blockchain-org2peer1   1         1         1            1           1d
[hlbcadmin@kopernik src]$ telnet 127.0.0.1 30054
Trying 127.0.0.1...
Connected to 127.0.0.1.
Escape character is '^]'.
^]

telnet> exit
?Invalid command
telnet> quit
Connection closed.
[hlbcadmin@kopernik src]$ telnet 127.0.0.1 31010
Trying 127.0.0.1...
Connected to 127.0.0.1.
Escape character is '^]'.
^]

telnet> quit
Connection closed.
[hlbcadmin@kopernik src]$ telnet 127.0.0.1 30110
Trying 127.0.0.1...
Connected to 127.0.0.1.
Escape character is '^]'.
^]

telnet> quit
Connection closed.
[hlbcadmin@kopernik src]$ telnet 127.0.0.1 30111
Trying 127.0.0.1...
Connected to 127.0.0.1.
Escape character is '^]'.
^]

telnet> quit
Connection closed.
[hlbcadmin@kopernik src]$ telnet 127.0.0.1 30210
Trying 127.0.0.1...
Connected to 127.0.0.1.
Escape character is '^]'.
^]

telnet> quit
Connection closed.
[hlbcadmin@kopernik src]$ telnet 127.0.0.1 30211
Trying 127.0.0.1...
Connected to 127.0.0.1.
Escape character is '^]'.
^]

telnet> quit
Connection closed.
[hlbcadmin@kopernik src]$
